Archive member included to satisfy reference by file (symbol)

/opt/st/stm32cubeide_1.19.0/plugins/com.st.stm32cube.ide.mcu.externaltools.gnu-tools-for-stm32.13.3.rel1.linux64_1.0.0.202410170706/tools/bin/../lib/gcc/arm-none-eabi/13.3.1/../../../../arm-none-eabi/lib/thumb/v7e-m+dp/hard/libc_nano.a(libc_a-exit.o)
                              /opt/st/stm32cubeide_1.19.0/plugins/com.st.stm32cube.ide.mcu.externaltools.gnu-tools-for-stm32.13.3.rel1.linux64_1.0.0.202410170706/tools/bin/../lib/gcc/arm-none-eabi/13.3.1/../../../../arm-none-eabi/lib/thumb/v7e-m+dp/hard/crt0.o (exit)
/opt/st/stm32cubeide_1.19.0/plugins/com.st.stm32cube.ide.mcu.externaltools.gnu-tools-for-stm32.13.3.rel1.linux64_1.0.0.202410170706/tools/bin/../lib/gcc/arm-none-eabi/13.3.1/../../../../arm-none-eabi/lib/thumb/v7e-m+dp/hard/libc_nano.a(libc_a-nano-vfprintf_float.o)
                              (_printf_float)
/opt/st/stm32cubeide_1.19.0/plugins/com.st.stm32cube.ide.mcu.externaltools.gnu-tools-for-stm32.13.3.rel1.linux64_1.0.0.202410170706/tools/bin/../lib/gcc/arm-none-eabi/13.3.1/../../../../arm-none-eabi/lib/thumb/v7e-m+dp/hard/libc_nano.a(libc_a-nano-vfprintf_i.o)
                              /opt/st/stm32cubeide_1.19.0/plugins/com.st.stm32cube.ide.mcu.externaltools.gnu-tools-for-stm32.13.3.rel1.linux64_1.0.0.202410170706/tools/bin/../lib/gcc/arm-none-eabi/13.3.1/../../../../arm-none-eabi/lib/thumb/v7e-m+dp/hard/libc_nano.a(libc_a-nano-vfprintf_float.o) (_printf_common)
/opt/st/stm32cubeide_1.19.0/plugins/com.st.stm32cube.ide.mcu.externaltools.gnu-tools-for-stm32.13.3.rel1.linux64_1.0.0.202410170706/tools/bin/../lib/gcc/arm-none-eabi/13.3.1/../../../../arm-none-eabi/lib/thumb/v7e-m+dp/hard/libc_nano.a(libc_a-findfp.o)
                              /opt/st/stm32cubeide_1.19.0/plugins/com.st.stm32cube.ide.mcu.externaltools.gnu-tools-for-stm32.13.3.rel1.linux64_1.0.0.202410170706/tools/bin/../lib/gcc/arm-none-eabi/13.3.1/../../../../arm-none-eabi/lib/thumb/v7e-m+dp/hard/libc_nano.a(libc_a-exit.o) (__stdio_exit_handler)
/opt/st/stm32cubeide_1.19.0/plugins/com.st.stm32cube.ide.mcu.externaltools.gnu-tools-for-stm32.13.3.rel1.linux64_1.0.0.202410170706/tools/bin/../lib/gcc/arm-none-eabi/13.3.1/../../../../arm-none-eabi/lib/thumb/v7e-m+dp/hard/libc_nano.a(libc_a-fwalk.o)
                              /opt/st/stm32cubeide_1.19.0/plugins/com.st.stm32cube.ide.mcu.externaltools.gnu-tools-for-stm32.13.3.rel1.linux64_1.0.0.202410170706/tools/bin/../lib/gcc/arm-none-eabi/13.3.1/../../../../arm-none-eabi/lib/thumb/v7e-m+dp/hard/libc_nano.a(libc_a-findfp.o) (_fwalk_sglue)
/opt/st/stm32cubeide_1.19.0/plugins/com.st.stm32cube.ide.mcu.externaltools.gnu-tools-for-stm32.13.3.rel1.linux64_1.0.0.202410170706/tools/bin/../lib/gcc/arm-none-eabi/13.3.1/../../../../arm-none-eabi/lib/thumb/v7e-m+dp/hard/libc_nano.a(libc_a-printf.o)
                              ./Core/Src/debug.o (printf)
/opt/st/stm32cubeide_1.19.0/plugins/com.st.stm32cube.ide.mcu.externaltools.gnu-tools-for-stm32.13.3.rel1.linux64_1.0.0.202410170706/tools/bin/../lib/gcc/arm-none-eabi/13.3.1/../../../../arm-none-eabi/lib/thumb/v7e-m+dp/hard/libc_nano.a(libc_a-puts.o)
                              ./Core/Src/main.o (puts)
/opt/st/stm32cubeide_1.19.0/plugins/com.st.stm32cube.ide.mcu.externaltools.gnu-tools-for-stm32.13.3.rel1.linux64_1.0.0.202410170706/tools/bin/../lib/gcc/arm-none-eabi/13.3.1/../../../../arm-none-eabi/lib/thumb/v7e-m+dp/hard/libc_nano.a(libc_a-setbuf.o)
                              ./Core/Src/main.o (setbuf)
/opt/st/stm32cubeide_1.19.0/plugins/com.st.stm32cube.ide.mcu.externaltools.gnu-tools-for-stm32.13.3.rel1.linux64_1.0.0.202410170706/tools/bin/../lib/gcc/arm-none-eabi/13.3.1/../../../../arm-none-eabi/lib/thumb/v7e-m+dp/hard/libc_nano.a(libc_a-setvbuf.o)
                              /opt/st/stm32cubeide_1.19.0/plugins/com.st.stm32cube.ide.mcu.externaltools.gnu-tools-for-stm32.13.3.rel1.linux64_1.0.0.202410170706/tools/bin/../lib/gcc/arm-none-eabi/13.3.1/../../../../arm-none-eabi/lib/thumb/v7e-m+dp/hard/libc_nano.a(libc_a-setbuf.o) (setvbuf)
/opt/st/stm32cubeide_1.19.0/plugins/com.st.stm32cube.ide.mcu.externaltools.gnu-tools-for-stm32.13.3.rel1.linux64_1.0.0.202410170706/tools/bin/../lib/gcc/arm-none-eabi/13.3.1/../../../../arm-none-eabi/lib/thumb/v7e-m+dp/hard/libc_nano.a(libc_a-snprintf.o)
                              ./Core/Src/debug.o (snprintf)
/opt/st/stm32cubeide_1.19.0/plugins/com.st.stm32cube.ide.mcu.externaltools.gnu-tools-for-stm32.13.3.rel1.linux64_1.0.0.202410170706/tools/bin/../lib/gcc/arm-none-eabi/13.3.1/../../../../arm-none-eabi/lib/thumb/v7e-m+dp/hard/libc_nano.a(libc_a-sprintf.o)
                              ./Core/Src/debug.o (sprintf)
/opt/st/stm32cubeide_1.19.0/plugins/com.st.stm32cube.ide.mcu.externaltools.gnu-tools-for-stm32.13.3.rel1.linux64_1.0.0.202410170706/tools/bin/../lib/gcc/arm-none-eabi/13.3.1/../../../../arm-none-eabi/lib/thumb/v7e-m+dp/hard/libc_nano.a(libc_a-stdio.o)
[...]
Memory Configuration

Name             Origin             Length             Attributes
ITCMRAM          0x00000000         0x00010000         xrw
DTCMRAM          0x20000000         0x00020000         xrw
FLASH            0x08000000         0x00100000         xr
RAM_D1           0x24000000         0x00050000         xrw
RAM_D2           0x30000000         0x00008000         xrw
RAM_D3           0x38000000         0x00004000         xrw
*default*        0x00000000         0xffffffff

Linker script and memory map

LOAD /opt/st/stm32cubeide_1.19.0/plugins/com.st.stm32cube.ide.mcu.externaltools.gnu-tools-for-stm32.13.3.rel1.linux64_1.0.0.202410170706/tools/bin/../lib/gcc/arm-none-eabi/13.3.1/thumb/v7e-m+dp/hard/crti.o
LOAD /opt/st/stm32cubeide_1.19.0/plugins/com.st.stm32cube.ide.mcu.externaltools.gnu-tools-for-stm32.13.3.rel1.linux64_1.0.0.202410170706/tools/bin/../lib/gcc/arm-none-eabi/13.3.1/thumb/v7e-m+dp/hard/crtbegin.o
LOAD /opt/st/stm32cubeide_1.19.0/plugins/com.st.stm32cube.ide.mcu.externaltools.gnu-tools-for-stm32.13.3.rel1.linux64_1.0.0.202410170706/tools/bin/../lib/gcc/arm-none-eabi/13.3.1/../../../../arm-none-eabi/lib/thumb/v7e-m+dp/hard/crt0.o
LOAD ./Core/Src/adc.o
LOAD ./Core/Src/debug.o
LOAD ./Core/Src/dma.o
LOAD ./Core/Src/emc2303.o
LOAD ./Core/Src/fdcan.o
LOAD ./Core/Src/gpio.o
LOAD ./Core/Src/i2c.o
LOAD ./Core/Src/main.o
LOAD ./Core/Src/sensors.o
LOAD ./Core/Src/stm32h7xx_hal_msp.o
LOAD ./Core/Src/stm32h7xx_it.o
LOAD ./Core/Src/syscalls.o
LOAD ./Core/Src/sysmem.o
LOAD ./Core/Src/system_stm32h7xx.o
LOAD ./Core/Src/tim.o
LOAD ./Core/Src/usart.o
LOAD ./Core/Startup/startup_stm32h725rgvx.o
LOAD ./Drivers/STM32H7xx_HAL_Driver/stm32h7xx_hal.o
LOAD ./Drivers/STM32H7xx_HAL_Driver/stm32h7xx_hal_adc.o
LOAD ./Drivers/STM32H7xx_HAL_Driver/stm32h7xx_hal_adc_ex.o
LOAD ./Drivers/STM32H7xx_HAL_Driver/stm32h7xx_hal_cortex.o
LOAD ./Drivers/STM32H7xx_HAL_Driver/stm32h7xx_hal_dma.o
LOAD ./Drivers/STM32H7xx_HAL_Driver/stm32h7xx_hal_dma_ex.o
LOAD ./Drivers/STM32H7xx_HAL_Driver/stm32h7xx_hal_exti.o
LOAD ./Drivers/STM32H7xx_HAL_Driver/stm32h7xx_hal_fdcan.o
LOAD ./Drivers/STM32H7xx_HAL_Driver/stm32h7xx_hal_flash.o
LOAD ./Drivers/STM32H7xx_HAL_Driver/stm32h7xx_hal_flash_ex.o
LOAD ./Drivers/STM32H7xx_HAL_Driver/stm32h7xx_hal_gpio.o
LOAD ./Drivers/STM32H7xx_HAL_Driver/stm32h7xx_hal_hsem.o
LOAD ./Drivers/STM32H7xx_HAL_Driver/stm32h7xx_hal_i2c.o
LOAD ./Drivers/STM32H7xx_HAL_Driver/stm32h7xx_hal_i2c_ex.o
LOAD ./Drivers/STM32H7xx_HAL_Driver/stm32h7xx_hal_mdma.o
LOAD ./Drivers/STM32H7xx_HAL_Driver/stm32h7xx_hal_pwr.o
LOAD ./Drivers/STM32H7xx_HAL_Driver/stm32h7xx_hal_pwr_ex.o
LOAD ./Drivers/STM32H7xx_HAL_Driver/stm32h7xx_hal_rcc.o
LOAD ./Drivers/STM32H7xx_HAL_Driver/stm32h7xx_hal_rcc_ex.o
LOAD ./Drivers/STM32H7xx_HAL_Driver/stm32h7xx_hal_tim.o
LOAD ./Drivers/STM32H7xx_HAL_Driver/stm32h7xx_hal_tim_ex.o
LOAD ./Drivers/STM32H7xx_HAL_Driver/stm32h7xx_hal_uart.o
LOAD ./Drivers/STM32H7xx_HAL_Driver/stm32h7xx_hal_uart_ex.o
START GROUP
LOAD /opt/st/stm32cubeide_1.19.0/plugins/com.st.stm32cube.ide.mcu.externaltools.gnu-tools-for-stm32.13.3.rel1.linux64_1.0.0.202410170706/tools/bin/../lib/gcc/arm-none-eabi/13.3.1/../../../../arm-none-eabi/lib/thumb/v7e-m+dp/hard/libc_nano.a
LOAD /opt/st/stm32cubeide_1.19.0/plugins/com.st.stm32cube.ide.mcu.externaltools.gnu-tools-for-stm32.13.3.rel1.linux64_1.0.0.202410170706/tools/bin/../lib/gcc/arm-none-eabi/13.3.1/../../../../arm-none-eabi/lib/thumb/v7e-m+dp/hard/libm.a
END GROUP
START GROUP
LOAD /opt/st/stm32cubeide_1.19.0/plugins/com.st.stm32cube.ide.mcu.externaltools.gnu-tools-for-stm32.13.3.rel1.linux64_1.0.0.202410170706/tools/bin/../lib/gcc/arm-none-eabi/13.3.1/thumb/v7e-m+dp/hard/libgcc.a
LOAD /opt/st/stm32cubeide_1.19.0/plugins/com.st.stm32cube.ide.mcu.externaltools.gnu-tools-for-stm32.13.3.rel1.linux64_1.0.0.202410170706/tools/bin/../lib/gcc/arm-none-eabi/13.3.1/../../../../arm-none-eabi/lib/thumb/v7e-m+dp/hard/libc_nano.a
END GROUP
START GROUP
LOAD /opt/st/stm32cubeide_1.19.0/plugins/com.st.stm32cube.ide.mcu.externaltools.gnu-tools-for-stm32.13.3.rel1.linux64_1.0.0.202410170706/tools/bin/../lib/gcc/arm-none-eabi/13.3.1/thumb/v7e-m+dp/hard/libgcc.a
LOAD /opt/st/stm32cubeide_1.19.0/plugins/com.st.stm32cube.ide.mcu.externaltools.gnu-tools-for-stm32.13.3.rel1.linux64_1.0.0.202410170706/tools/bin/../lib/gcc/arm-none-eabi/13.3.1/../../../../arm-none-eabi/lib/thumb/v7e-m+dp/hard/libc_nano.a
LOAD /opt/st/stm32cubeide_1.19.0/plugins/com.st.stm32cube.ide.mcu.externaltools.gnu-tools-for-stm32.13.3.rel1.linux64_1.0.0.202410170706/tools/bin/../lib/gcc/arm-none-eabi/13.3.1/../../../../arm-none-eabi/lib/thumb/v7e-m+dp/hard/libnosys.a
END GROUP
START GROUP
LOAD /opt/st/stm32cubeide_1.19.0/plugins/com.st.stm32cube.ide.mcu.externaltools.gnu-tools-for-stm32.13.3.rel1.linux64_1.0.0.202410170706/tools/bin/../lib/gcc/arm-none-eabi/13.3.1/thumb/v7e-m+dp/hard/libgcc.a
LOAD /opt/st/stm32cubeide_1.19.0/plugins/com.st.stm32cube.ide.mcu.externaltools.gnu-tools-for-stm32.13.3.rel1.linux64_1.0.0.202410170706/tools/bin/../lib/gcc/arm-none-eabi/13.3.1/../../../../arm-none-eabi/lib/thumb/v7e-m+dp/hard/libc_nano.a
LOAD /opt/st/stm32cubeide_1.19.0/plugins/com.st.stm32cube.ide.mcu.externaltools.gnu-tools-for-stm32.13.3.rel1.linux64_1.0.0.202410170706/tools/bin/../lib/gcc/arm-none-eabi/13.3.1/../../../../arm-none-eabi/lib/thumb/v7e-m+dp/hard/libnosys.a
END GROUP
LOAD /opt/st/stm32cubeide_1.19.0/plugins/com.st.stm32cube.ide.mcu.externaltools.gnu-tools-for-stm32.13.3.rel1.linux64_1.0.0.202410170706/tools/bin/../lib/gcc/arm-none-eabi/13.3.1/thumb/v7e-m+dp/hard/crtend.o
LOAD /opt/st/stm32cubeide_1.19.0/plugins/com.st.stm32cube.ide.mcu.externaltools.gnu-tools-for-stm32.13.3.rel1.linux64_1.0.0.202410170706/tools/bin/../lib/gcc/arm-none-eabi/13.3.1/thumb/v7e-m+dp/hard/crtn.o
                0x24050000                        _estack = (ORIGIN (RAM_D1) + LENGTH (RAM_D1))
                0x00000200                        _Min_Heap_Size = 0x200
                0x00000400                        _Min_Stack_Size = 0x400

.isr_vector     0x08000000      0x2cc
                0x08000000                        . = ALIGN (0x4)
 *(.isr_vector)
 .isr_vector    0x08000000      0x2cc ./Core/Startup/startup_stm32h725rgvx.o
                0x08000000                g_pfnVectors
                0x080002cc                        . = ALIGN (0x4)

.text           0x080002d0    0x16acc
                0x080002d0                        . = ALIGN (0x4)
 *(.text)
 .text          0x080002d0       0x40 /opt/st/stm32cubeide_1.19.0/plugins/com.st.stm32cube.ide.mcu.externaltools.gnu-tools-for-stm32.13.3.rel1.linux64_1.0.0.202410170706/tools/bin/../lib/gcc/arm-none-eabi/13.3.1/thumb/v7e-m+dp/hard/crtbegin.o
 .text          0x08000310       0xa0 /opt/st/stm32cubeide_1.19.0/plugins/com.st.stm32cube.ide.mcu.externaltools.gnu-tools-for-stm32.13.3.rel1.linux64_1.0.0.202410170706/tools/bin/../lib/gcc/arm-none-eabi/13.3.1/../../../../arm-none-eabi/lib/thumb/v7e-m+dp/hard/libc_nano.a(libc_a-memchr.o)
                0x08000310                memchr
 .text          0x080003b0       0x10 /opt/st/stm32cubeide_1.19.0/plugins/com.st.stm32cube.ide.mcu.externaltools.gnu-tools-for-stm32.13.3.rel1.linux64_1.0.0.202410170706/tools/bin/../lib/gcc/arm-none-eabi/13.3.1/../../../../arm-none-eabi/lib/thumb/v7e-m+dp/hard/libc_nano.a(libc_a-strlen.o)
                0x080003b0                strlen
 .text          0x080003c0       0x30 /opt/st/stm32cubeide_1.19.0/plugins/com.st.stm32cube.ide.mcu.externaltools.gnu-tools-for-stm32.13.3.rel1.linux64_1.0.0.202410170706/tools/bin/../lib/gcc/arm-none-eabi/13.3.1/thumb/v7e-m+dp/hard/libgcc.a(_aeabi_uldivmod.o)
                0x080003c0                __aeabi_uldivmod
 .text          0x080003f0      0x2f8 /opt/st/stm32cubeide_1.19.0/plugins/com.st.stm32cube.ide.mcu.externaltools.gnu-tools-for-stm32.13.3.rel1.linux64_1.0.0.202410170706/tools/bin/../lib/gcc/arm-none-eabi/13.3.1/thumb/v7e-m+dp/hard/libgcc.a(_udivmoddi4.o)
                0x080003f0                __udivmoddi4
 .text          0x080006e8        0x4 /opt/st/stm32cubeide_1.19.0/plugins/com.st.stm32cube.ide.mcu.externaltools.gnu-tools-for-stm32.13.3.rel1.linux64_1.0.0.202410170706/tools/bin/../lib/gcc/arm-none-eabi/13.3.1/thumb/v7e-m+dp/hard/libgcc.a(_dvmd_tls.o)
                0x080006e8                __aeabi_ldiv0
                0x080006e8                __aeabi_idiv0
 *(.text*)
 .text.MX_ADC1_Init
                0x080006ec      0x1b0 ./Core/Src/adc.o
                0x080006ec                MX_ADC1_Init
 .text.HAL_ADC_MspInit
                0x0800089c      0x190 ./Core/Src/adc.o
                0x0800089c                HAL_ADC_MspInit
 .text.__io_putchar
                0x08000a2c       0x30 ./Core/Src/debug.o
                0x08000a2c                __io_putchar
 .text.__io_getchar
                0x08000a5c       0x98 ./Core/Src/debug.o
                0x08000a5c                __io_getchar
 .text.DWT_Init
                0x08000af4       0xa8 ./Core/Src/debug.o
                0x08000af4                DWT_Init
 .text.RegisterErrorCallback
                0x08000b9c       0x20 ./Core/Src/debug.o
                0x08000b9c                RegisterErrorCallback
 .text.ReportError
                0x08000bbc       0x44 ./Core/Src/debug.o
                0x08000bbc                ReportError
 .text.MyErrorCallback
                0x08000c00       0x34 ./Core/Src/debug.o
                0x08000c00                MyErrorCallback
 .text.LogFifo_Init
                0x08000c34       0x38 ./Core/Src/debug.o
                0x08000c34                LogFifo_Init
 .text.LogFifo_Push
                0x08000c6c       0x88 ./Core/Src/debug.o
                0x08000c6c                LogFifo_Push
 .text.LogFifo_Pop
                0x08000cf4       0xb0 ./Core/Src/debug.o
                0x08000cf4                LogFifo_Pop
 .text.MX_DMA_Init
                0x08000da4       0x40 ./Core/Src/dma.o
                0x08000da4                MX_DMA_Init
 .text.emc_pwm_base_hz
                0x08000de4       0x40 ./Core/Src/emc2303.o
 .text.emc2303_ch_base
                0x08000e24       0x20 ./Core/Src/emc2303.o
 .text.emc_w8   0x08000e44       0x60 ./Core/Src/emc2303.o
 .text.emc_r8   0x08000ea4       0x60 ./Core/Src/emc2303.o
 .text.emc_mask_lsb_shift
                0x08000f04       0x5c ./Core/Src/emc2303.o
 .text.emc_upd_bits
                0x08000f60       0x94 ./Core/Src/emc2303.o
 .text.emc_set_base
                0x08000ff4       0x5c ./Core/Src/emc2303.o
 .text.EMC2303_Init
                0x08001050      0x13a ./Core/Src/emc2303.o
                0x08001050                EMC2303_Init
 .text.Fans6_Init
                0x0800118a       0x2c ./Core/Src/emc2303.o
                0x0800118a                Fans6_Init
 *fill*         0x080011b6        0x2 
 .text.MX_FDCAN1_Init
                0x080011b8       0xcc ./Core/Src/fdcan.o
                0x080011b8                MX_FDCAN1_Init
 .text.MX_FDCAN2_Init
                0x08001284       0xc8 ./Core/Src/fdcan.o
                0x08001284                MX_FDCAN2_Init
 .text.HAL_FDCAN_MspInit
                0x0800134c      0x1b0 ./Core/Src/fdcan.o
                0x0800134c                HAL_FDCAN_MspInit
 .text.FDCAN_Init
                0x080014fc       0x3c ./Core/Src/fdcan.o
                0x080014fc                FDCAN_Init
 .text.FDCAN_Config_RX_range
                0x08001538       0x70 ./Core/Src/fdcan.o
 .text.MX_GPIO_Init
                0x080015a8      0x1ac ./Core/Src/gpio.o
                0x080015a8                MX_GPIO_Init
 .text.MX_I2C4_Init
                0x08001754       0x80 ./Core/Src/i2c.o
                0x08001754                MX_I2C4_Init
 .text.HAL_I2C_MspInit
                0x080017d4       0xd4 ./Core/Src/i2c.o
                0x080017d4                HAL_I2C_MspInit
 .text.HAL_FDCAN_RxFifo0Callback
                0x080018a8       0x4a ./Core/Src/main.o
                0x080018a8                HAL_FDCAN_RxFifo0Callback
 *fill*         0x080018f2        0x2 
 .text.HAL_ADC_ConvCpltCallback
                0x080018f4       0x48 ./Core/Src/main.o
                0x080018f4                HAL_ADC_ConvCpltCallback
 .text.HAL_TIM_PeriodElapsedCallback
                0x0800193c      0x100 ./Core/Src/main.o
                0x0800193c                HAL_TIM_PeriodElapsedCallback
 .text.main     0x08001a3c      0x17c ./Core/Src/main.o
                0x08001a3c                main
 .text.SystemClock_Config
                0x08001bb8       0xdc ./Core/Src/main.o
                0x08001bb8                SystemClock_Config
 .text.MPU_Config
                0x08001c94       0x58 ./Core/Src/main.o
 .text.Error_Handler
                0x08001cec        0xc ./Core/Src/main.o
                0x08001cec                Error_Handler
 .text.assert_failed
                0x08001cf8       0x16 ./Core/Src/main.o
                0x08001cf8                assert_failed
 *fill*         0x08001d0e        0x2 
 .text.Sensor_Init
                0x08001d10       0x50 ./Core/Src/sensors.o
                0x08001d10                Sensor_Init
 .text.Sensor_UpdateCAN
                0x08001d60      0x1bc ./Core/Src/sensors.o
                0x08001d60                Sensor_UpdateCAN
 .text.Sensor_UpdateADC
                0x08001f1c       0xd4 ./Core/Src/sensors.o
                0x08001f1c                Sensor_UpdateADC
 .text.Sensor_GetData
                0x08001ff0       0x14 ./Core/Src/sensors.o
                0x08001ff0                Sensor_GetData
 .text.Sensor_IsCANDataValid
                0x08002004       0x20 ./Core/Src/sensors.o
                0x08002004                Sensor_IsCANDataValid
 .text.Sensor_IsTempSensorFault
                0x08002024       0x30 ./Core/Src/sensors.o
                0x08002024                Sensor_IsTempSensorFault
 .text.Sensor_CheckTimeout
                0x08002054       0x48 ./Core/Src/sensors.o
                0x08002054                Sensor_CheckTimeout
 .text.u16le    0x0800209c       0x2c ./Core/Src/sensors.o
 .text.temp_raw_to_celsius
                0x080020c8       0x60 ./Core/Src/sensors.o
 .text.check_temp_sensor_fault
                0x08002128       0xf4 ./Core/Src/sensors.o
 .text.HAL_MspInit
                0x0800221c       0x34 ./Core/Src/stm32h7xx_hal_msp.o
                0x0800221c                HAL_MspInit
 .text.NMI_Handler
                0x08002250        0x8 ./Core/Src/stm32h7xx_it.o
                0x08002250                NMI_Handler
 .text.HardFault_Handler
                0x08002258        0x8 ./Core/Src/stm32h7xx_it.o
                0x08002258                HardFault_Handler
 .text.MemManage_Handler
                0x08002260        0x8 ./Core/Src/stm32h7xx_it.o
                0x08002260                MemManage_Handler
 .text.BusFault_Handler
                0x08002268        0x8 ./Core/Src/stm32h7xx_it.o
                0x08002268                BusFault_Handler
 .text.UsageFault_Handler
                0x08002270        0x8 ./Core/Src/stm32h7xx_it.o
                0x08002270                UsageFault_Handler
 .text.SVC_Handler
                0x08002278        0xe ./Core/Src/stm32h7xx_it.o
                0x08002278                SVC_Handler
 .text.DebugMon_Handler
                0x08002286        0xe ./Core/Src/stm32h7xx_it.o
                0x08002286                DebugMon_Handler
 .text.PendSV_Handler
                0x08002294        0xe ./Core/Src/stm32h7xx_it.o
                0x08002294                PendSV_Handler
 .text.SysTick_Handler
                0x080022a2        0xc ./Core/Src/stm32h7xx_it.o
                0x080022a2                SysTick_Handler
 *fill*         0x080022ae        0x2 
 .text.DMA1_Stream0_IRQHandler
                0x080022b0       0x14 ./Core/Src/stm32h7xx_it.o
                0x080022b0                DMA1_Stream0_IRQHandler
 .text.FDCAN2_IT0_IRQHandler
                0x080022c4       0x14 ./Core/Src/stm32h7xx_it.o
                0x080022c4                FDCAN2_IT0_IRQHandler
 .text.TIM8_UP_TIM13_IRQHandler
                0x080022d8       0x14 ./Core/Src/stm32h7xx_it.o
                0x080022d8                TIM8_UP_TIM13_IRQHandler
 .text._getpid  0x080022ec       0x10 ./Core/Src/syscalls.o
                0x080022ec                _getpid
 .text._kill    0x080022fc       0x20 ./Core/Src/syscalls.o
                0x080022fc                _kill
 .text._exit    0x0800231c       0x16 ./Core/Src/syscalls.o
                0x0800231c                _exit
 .text._read    0x08002332       0x3a ./Core/Src/syscalls.o
                0x08002332                _read
 .text._write   0x0800236c       0x38 ./Core/Src/syscalls.o
                0x0800236c                _write
 .text._close   0x080023a4       0x18 ./Core/Src/syscalls.o
                0x080023a4                _close
 .text._fstat   0x080023bc       0x20 ./Core/Src/syscalls.o
                0x080023bc                _fstat
 .text._isatty  0x080023dc       0x16 ./Core/Src/syscalls.o
                0x080023dc                _isatty
 .text._lseek   0x080023f2       0x1a ./Core/Src/syscalls.o
                0x080023f2                _lseek
 .text._sbrk    0x0800240c       0x6c ./Core/Src/sysmem.o
                0x0800240c                _sbrk
 .text.SystemInit
                0x08002478      0x120 ./Core/Src/system_stm32h7xx.o
                0x08002478                SystemInit
 .text.ExitRun0Mode
                0x08002598       0x30 ./Core/Src/system_stm32h7xx.o
                0x08002598                ExitRun0Mode
 .text.MX_TIM2_Init
                0x080025c8      0x100 ./Core/Src/tim.o
                0x080025c8                MX_TIM2_Init
 .text.MX_TIM3_Init
                0x080026c8      0x104 ./Core/Src/tim.o
                0x080026c8                MX_TIM3_Init
 .text.MX_TIM4_Init
                0x080027cc      0x104 ./Core/Src/tim.o
                0x080027cc                MX_TIM4_Init
 .text.MX_TIM5_Init
                0x080028d0       0xa0 ./Core/Src/tim.o
                0x080028d0                MX_TIM5_Init
 .text.MX_TIM8_Init
                0x08002970       0xa8 ./Core/Src/tim.o
                0x08002970                MX_TIM8_Init
 .text.MX_TIM15_Init
                0x08002a18      0x148 ./Core/Src/tim.o
                0x08002a18                MX_TIM15_Init
 .text.HAL_TIM_Base_MspInit
                0x08002b60      0x134 ./Core/Src/tim.o
                0x08002b60                HAL_TIM_Base_MspInit
 .text.HAL_TIM_MspPostInit
                0x08002c94      0x1a4 ./Core/Src/tim.o
                0x08002c94                HAL_TIM_MspPostInit
 .text.MX_USART3_UART_Init
                0x08002e38       0x98 ./Core/Src/usart.o
                0x08002e38                MX_USART3_UART_Init
 .text.HAL_UART_MspInit
                0x08002ed0       0xd4 ./Core/Src/usart.o
                0x08002ed0                HAL_UART_MspInit
 .text.Reset_Handler
                0x08002fa4       0x54 ./Core/Startup/startup_stm32h725rgvx.o
                0x08002fa4                Reset_Handler
 .text.Default_Handler
                0x08002ff8        0x2 ./Core/Startup/startup_stm32h725rgvx.o
                0x08002ff8                RTC_Alarm_IRQHandler
                0x08002ff8                EXTI2_IRQHandler
                0x08002ff8                TIM8_CC_IRQHandler
                0x08002ff8                UART8_IRQHandler
                0x08002ff8                SPI4_IRQHandler
                0x08002ff8                FDCAN3_IT0_IRQHandler
                0x08002ff8                TIM1_CC_IRQHandler
                0x08002ff8                BDMA_Channel6_IRQHandler
                0x08002ff8                DMA2_Stream5_IRQHandler
                0x08002ff8                DMA1_Stream5_IRQHandler
                0x08002ff8                CORDIC_IRQHandler
                0x08002ff8                BDMA_Channel1_IRQHandler
                0x08002ff8                TAMP_STAMP_IRQHandler
                0x08002ff8                EXTI3_IRQHandler
                0x08002ff8                LPTIM4_IRQHandler
                0x08002ff8                TIM8_TRG_COM_TIM14_IRQHandler
                0x08002ff8                LPTIM2_IRQHandler
                0x08002ff8                DFSDM1_FLT1_IRQHandler
                0x08002ff8                DMAMUX2_OVR_IRQHandler
                0x08002ff8                I2C3_ER_IRQHandler
                0x08002ff8                DFSDM1_FLT2_IRQHandler
                0x08002ff8                I2C5_EV_IRQHandler
                0x08002ff8                USART10_IRQHandler
                0x08002ff8                MDMA_IRQHandler
                0x08002ff8                LPTIM3_IRQHandler
                0x08002ff8                HSEM1_IRQHandler
                0x08002ff8                EXTI0_IRQHandler
                0x08002ff8                I2C2_EV_IRQHandler
                0x08002ff8                DMA1_Stream2_IRQHandler
                0x08002ff8                FPU_IRQHandler
                0x08002ff8                OTG_HS_WKUP_IRQHandler
                0x08002ff8                FDCAN1_IT1_IRQHandler
                0x08002ff8                LTDC_ER_IRQHandler
                0x08002ff8                DMA2_Stream2_IRQHandler
                0x08002ff8                SPI1_IRQHandler
                0x08002ff8                OCTOSPI1_IRQHandler
                0x08002ff8                TIM6_DAC_IRQHandler
                0x08002ff8                DMA2_Stream3_IRQHandler
                0x08002ff8                OCTOSPI2_IRQHandler
                0x08002ff8                DFSDM1_FLT3_IRQHandler
                0x08002ff8                TIM23_IRQHandler
                0x08002ff8                USART6_IRQHandler
                0x08002ff8                TIM17_IRQHandler
                0x08002ff8                USART3_IRQHandler
                0x08002ff8                BDMA_Channel7_IRQHandler
                0x08002ff8                LPTIM5_IRQHandler
                0x08002ff8                UART5_IRQHandler
                0x08002ff8                ADC3_IRQHandler
                0x08002ff8                DMA2_Stream0_IRQHandler
                0x08002ff8                TIM4_IRQHandler
                0x08002ff8                BDMA_Channel2_IRQHandler
                0x08002ff8                I2C1_EV_IRQHandler
                0x08002ff8                DMA1_Stream6_IRQHandler
                0x08002ff8                DMAMUX1_OVR_IRQHandler
                0x08002ff8                DMA1_Stream1_IRQHandler
                0x08002ff8                TIM16_IRQHandler
                0x08002ff8                UART4_IRQHandler
                0x08002ff8                BDMA_Channel5_IRQHandler
                0x08002ff8                TIM3_IRQHandler
                0x08002ff8                RCC_IRQHandler
                0x08002ff8                UART9_IRQHandler
                0x08002ff8                TIM8_BRK_TIM12_IRQHandler
                0x08002ff8                TIM1_TRG_COM_IRQHandler
                0x08002ff8                Default_Handler
                0x08002ff8                ECC_IRQHandler
                0x08002ff8                FMAC_IRQHandler
                0x08002ff8                CEC_IRQHandler
                0x08002ff8                EXTI15_10_IRQHandler
                0x08002ff8                BDMA_Channel0_IRQHandler
                0x08002ff8                ADC_IRQHandler
                0x08002ff8                I2C5_ER_IRQHandler
                0x08002ff8                DMA1_Stream7_IRQHandler
                0x08002ff8                SPI5_IRQHandler
                0x08002ff8                TIM7_IRQHandler
                0x08002ff8                FDCAN3_IT1_IRQHandler
                0x08002ff8                SDMMC1_IRQHandler
                0x08002ff8                TIM5_IRQHandler
                0x08002ff8                DMA2_Stream7_IRQHandler
                0x08002ff8                TIM15_IRQHandler
                0x08002ff8                PVD_AVD_IRQHandler
                0x08002ff8                I2C3_EV_IRQHandler
                0x08002ff8                EXTI9_5_IRQHandler
                0x08002ff8                RTC_WKUP_IRQHandler
                0x08002ff8                LTDC_IRQHandler
                0x08002ff8                ETH_WKUP_IRQHandler
                0x08002ff8                SPDIF_RX_IRQHandler
                0x08002ff8                SPI2_IRQHandler
                0x08002ff8                OTG_HS_EP1_IN_IRQHandler
                0x08002ff8                TIM24_IRQHandler
                0x08002ff8                CRS_IRQHandler
                0x08002ff8                EXTI4_IRQHandler
                0x08002ff8                RNG_IRQHandler
                0x08002ff8                FDCAN2_IT1_IRQHandler
                0x08002ff8                ETH_IRQHandler
                0x08002ff8                TIM1_UP_IRQHandler
                0x08002ff8                BDMA_Channel4_IRQHandler
                0x08002ff8                OTG_HS_EP1_OUT_IRQHandler
                0x08002ff8                WWDG_IRQHandler
                0x08002ff8                SPI6_IRQHandler
                0x08002ff8                MDIOS_IRQHandler
                0x08002ff8                I2C4_EV_IRQHandler
                0x08002ff8                LPUART1_IRQHandler
                0x08002ff8                FDCAN1_IT0_IRQHandler
                0x08002ff8                TIM2_IRQHandler
                0x08002ff8                OTG_HS_IRQHandler
                0x08002ff8                DMA2D_IRQHandler
                0x08002ff8                TIM1_BRK_IRQHandler
                0x08002ff8                EXTI1_IRQHandler
                0x08002ff8                SDMMC2_IRQHandler
                0x08002ff8                BDMA_Channel3_IRQHandler
                0x08002ff8                DTS_IRQHandler
                0x08002ff8                UART7_IRQHandler
                0x08002ff8                MDIOS_WKUP_IRQHandler
                0x08002ff8                USART2_IRQHandler
                0x08002ff8                DFSDM1_FLT0_IRQHandler
                0x08002ff8                SAI4_IRQHandler
                0x08002ff8                I2C2_ER_IRQHandler
                0x08002ff8                DMA2_Stream1_IRQHandler
                0x08002ff8                FLASH_IRQHandler
                0x08002ff8                DMA2_Stream4_IRQHandler
                0x08002ff8                USART1_IRQHandler
                0x08002ff8                SPI3_IRQHandler
                0x08002ff8                WAKEUP_PIN_IRQHandler
                0x08002ff8                DMA1_Stream4_IRQHandler
                0x08002ff8                I2C1_ER_IRQHandler
                0x08002ff8                FMC_IRQHandler
                0x08002ff8                FDCAN_CAL_IRQHandler
                0x08002ff8                SWPMI1_IRQHandler
                0x08002ff8                COMP1_IRQHandler
                0x08002ff8                LPTIM1_IRQHandler
                0x08002ff8                DCMI_PSSI_IRQHandler
                0x08002ff8                I2C4_ER_IRQHandler
                0x08002ff8                DMA2_Stream6_IRQHandler
                0x08002ff8                SAI1_IRQHandler
                0x08002ff8                DMA1_Stream3_IRQHandler
 *fill*         0x08002ffa        0x2 
 .text.HAL_Init
                0x08002ffc       0x78 ./Drivers/STM32H7xx_HAL_Driver/stm32h7xx_hal.o
                0x08002ffc                HAL_Init
 .text.HAL_InitTick
                0x08003074       0x6c ./Drivers/STM32H7xx_HAL_Driver/stm32h7xx_hal.o
                0x08003074                HAL_InitTick
 .text.HAL_IncTick
                0x080030e0       0x28 ./Drivers/STM32H7xx_HAL_Driver/stm32h7xx_hal.o
                0x080030e0                HAL_IncTick
 .text.HAL_GetTick
                0x08003108       0x18 ./Drivers/STM32H7xx_HAL_Driver/stm32h7xx_hal.o
                0x08003108                HAL_GetTick
 .text.HAL_Delay
                0x08003120       0x48 ./Drivers/STM32H7xx_HAL_Driver/stm32h7xx_hal.o
                0x08003120                HAL_Delay
 .text.LL_ADC_SetCommonClock
                0x08003168       0x26 ./Drivers/STM32H7xx_HAL_Driver/stm32h7xx_hal_adc.o
 .text.LL_ADC_SetCommonPathInternalCh
                0x0800318e       0x26 ./Drivers/STM32H7xx_HAL_Driver/stm32h7xx_hal_adc.o
 .text.LL_ADC_GetCommonPathInternalCh
                0x080031b4       0x1c ./Drivers/STM32H7xx_HAL_Driver/stm32h7xx_hal_adc.o
 .text.LL_ADC_GetResolution
                0x080031d0       0x44 ./Drivers/STM32H7xx_HAL_Driver/stm32h7xx_hal_adc.o
 .text.LL_ADC_SetChannelPreselection
                0x08003214       0x74 ./Drivers/STM32H7xx_HAL_Driver/stm32h7xx_hal_adc.o
 .text.LL_ADC_SetOffset
                0x08003288       0x64 ./Drivers/STM32H7xx_HAL_Driver/stm32h7xx_hal_adc.o
 .text.LL_ADC_GetOffsetChannel
                0x080032ec       0x2c ./Drivers/STM32H7xx_HAL_Driver/stm32h7xx_hal_adc.o
 .text.LL_ADC_SetDataRightShift
                0x08003318       0x32 ./Drivers/STM32H7xx_HAL_Driver/stm32h7xx_hal_adc.o
 *fill*         0x0800334a        0x2 
 .text.LL_ADC_SetOffsetSignedSaturation
                0x0800334c       0x44 ./Drivers/STM32H7xx_HAL_Driver/stm32h7xx_hal_adc.o
 .text.LL_ADC_SetOffsetSaturation
                0x08003390       0x44 ./Drivers/STM32H7xx_HAL_Driver/stm32h7xx_hal_adc.o
 .text.LL_ADC_SetOffsetSign
                0x080033d4       0x44 ./Drivers/STM32H7xx_HAL_Driver/stm32h7xx_hal_adc.o
 .text.LL_ADC_SetOffsetState
                0x08003418       0x54 ./Drivers/STM32H7xx_HAL_Driver/stm32h7xx_hal_adc.o
 .text.LL_ADC_REG_IsTriggerSourceSWStart
                0x0800346c       0x26 ./Drivers/STM32H7xx_HAL_Driver/stm32h7xx_hal_adc.o
 .text.LL_ADC_REG_SetSequencerRanks
                0x08003492       0x58 ./Drivers/STM32H7xx_HAL_Driver/stm32h7xx_hal_adc.o
 .text.LL_ADC_REG_SetDataTransferMode
                0x080034ea       0x26 ./Drivers/STM32H7xx_HAL_Driver/stm32h7xx_hal_adc.o
 .text.LL_ADC_EnableDMAReq
                0x08003510       0x20 ./Drivers/STM32H7xx_HAL_Driver/stm32h7xx_hal_adc.o
 .text.LL_ADC_REG_SetDMATransferMode
                0x08003530       0x34 ./Drivers/STM32H7xx_HAL_Driver/stm32h7xx_hal_adc.o
 .text.LL_ADC_SetChannelSamplingTime
                0x08003564       0x56 ./Drivers/STM32H7xx_HAL_Driver/stm32h7xx_hal_adc.o
 *fill*         0x080035ba        0x2 
 .text.LL_ADC_SetChannelSingleDiff
                0x080035bc       0x80 ./Drivers/STM32H7xx_HAL_Driver/stm32h7xx_hal_adc.o
 .text.LL_ADC_GetMultimode
                0x0800363c       0x1c ./Drivers/STM32H7xx_HAL_Driver/stm32h7xx_hal_adc.o
 .text.LL_ADC_DisableDeepPowerDown
                0x08003658       0x24 ./Drivers/STM32H7xx_HAL_Driver/stm32h7xx_hal_adc.o
 .text.LL_ADC_IsDeepPowerDownEnabled
                0x0800367c       0x28 ./Drivers/STM32H7xx_HAL_Driver/stm32h7xx_hal_adc.o
 .text.LL_ADC_EnableInternalRegulator
                0x080036a4       0x28 ./Drivers/STM32H7xx_HAL_Driver/stm32h7xx_hal_adc.o
 .text.LL_ADC_IsInternalRegulatorEnabled
                0x080036cc       0x28 ./Drivers/STM32H7xx_HAL_Driver/stm32h7xx_hal_adc.o
 .text.LL_ADC_Enable
                0x080036f4       0x28 ./Drivers/STM32H7xx_HAL_Driver/stm32h7xx_hal_adc.o
 .text.LL_ADC_Disable
                0x0800371c       0x28 ./Drivers/STM32H7xx_HAL_Driver/stm32h7xx_hal_adc.o
 .text.LL_ADC_IsEnabled
                0x08003744       0x26 ./Drivers/STM32H7xx_HAL_Driver/stm32h7xx_hal_adc.o
 .text.LL_ADC_IsDisableOngoing
                0x0800376a       0x26 ./Drivers/STM32H7xx_HAL_Driver/stm32h7xx_hal_adc.o
 .text.LL_ADC_REG_StartConversion
                0x08003790       0x28 ./Drivers/STM32H7xx_HAL_Driver/stm32h7xx_hal_adc.o
 .text.LL_ADC_REG_IsConversionOngoing
                0x080037b8       0x26 ./Drivers/STM32H7xx_HAL_Driver/stm32h7xx_hal_adc.o
 .text.LL_ADC_INJ_IsConversionOngoing
                0x080037de       0x26 ./Drivers/STM32H7xx_HAL_Driver/stm32h7xx_hal_adc.o
 .text.HAL_ADC_Init
                0x08003804      0x8e4 ./Drivers/STM32H7xx_HAL_Driver/stm32h7xx_hal_adc.o
                0x08003804                HAL_ADC_Init
 .text.HAL_ADC_Start_DMA
                0x080040e8      0x1e4 ./Drivers/STM32H7xx_HAL_Driver/stm32h7xx_hal_adc.o
                0x080040e8                HAL_ADC_Start_DMA
 .text.HAL_ADC_ConvHalfCpltCallback
                0x080042cc       0x14 ./Drivers/STM32H7xx_HAL_Driver/stm32h7xx_hal_adc.o
                0x080042cc                HAL_ADC_ConvHalfCpltCallback
 .text.HAL_ADC_ErrorCallback
                0x080042e0       0x14 ./Drivers/STM32H7xx_HAL_Driver/stm32h7xx_hal_adc.o
                0x080042e0                HAL_ADC_ErrorCallback
 .text.HAL_ADC_ConfigChannel
                0x080042f4      0xf8c ./Drivers/STM32H7xx_HAL_Driver/stm32h7xx_hal_adc.o
                0x080042f4                HAL_ADC_ConfigChannel
 .text.ADC_Enable
                0x08005280      0x114 ./Drivers/STM32H7xx_HAL_Driver/stm32h7xx_hal_adc.o
                0x08005280                ADC_Enable
 .text.ADC_Disable
                0x08005394       0xbe ./Drivers/STM32H7xx_HAL_Driver/stm32h7xx_hal_adc.o
                0x08005394                ADC_Disable
 .text.ADC_DMAConvCplt
                0x08005452       0xd8 ./Drivers/STM32H7xx_HAL_Driver/stm32h7xx_hal_adc.o
                0x08005452                ADC_DMAConvCplt
 .text.ADC_DMAHalfConvCplt
                0x0800552a       0x1c ./Drivers/STM32H7xx_HAL_Driver/stm32h7xx_hal_adc.o
                0x0800552a                ADC_DMAHalfConvCplt
 .text.ADC_DMAError
                0x08005546       0x34 ./Drivers/STM32H7xx_HAL_Driver/stm32h7xx_hal_adc.o
                0x08005546                ADC_DMAError
 *fill*         0x0800557a        0x2 
 .text.ADC_ConfigureBoostMode
                0x0800557c      0x1dc ./Drivers/STM32H7xx_HAL_Driver/stm32h7xx_hal_adc.o
                0x0800557c                ADC_ConfigureBoostMode
 .text.LL_ADC_SetCalibrationLinearFactor
                0x08005758       0x6c ./Drivers/STM32H7xx_HAL_Driver/stm32h7xx_hal_adc_ex.o
 .text.LL_ADC_IsEnabled
                0x080057c4       0x26 ./Drivers/STM32H7xx_HAL_Driver/stm32h7xx_hal_adc_ex.o
 *fill*         0x080057ea        0x2 
 .text.LL_ADC_StartCalibration
                0x080057ec       0x3c ./Drivers/STM32H7xx_HAL_Driver/stm32h7xx_hal_adc_ex.o
 .text.LL_ADC_IsCalibrationOnGoing
                0x08005828       0x28 ./Drivers/STM32H7xx_HAL_Driver/stm32h7xx_hal_adc_ex.o
 .text.LL_ADC_REG_StartConversion
                0x08005850       0x28 ./Drivers/STM32H7xx_HAL_Driver/stm32h7xx_hal_adc_ex.o
 .text.LL_ADC_REG_StopConversion
                0x08005878       0x28 ./Drivers/STM32H7xx_HAL_Driver/stm32h7xx_hal_adc_ex.o
 .text.LL_ADC_REG_IsConversionOngoing
                0x080058a0       0x26 ./Drivers/STM32H7xx_HAL_Driver/stm32h7xx_hal_adc_ex.o
 *fill*         0x080058c6        0x2 
 .text.HAL_ADCEx_Calibration_Start
                0x080058c8      0x11c ./Drivers/STM32H7xx_HAL_Driver/stm32h7xx_hal_adc_ex.o
                0x080058c8                HAL_ADCEx_Calibration_Start
 .text.HAL_ADCEx_LinearCalibration_SetValue
                0x080059e4      0x1b0 ./Drivers/STM32H7xx_HAL_Driver/stm32h7xx_hal_adc_ex.o
                0x080059e4                HAL_ADCEx_LinearCalibration_SetValue
 .text.HAL_ADCEx_LinearCalibration_FactorLoad
                0x08005b94       0x90 ./Drivers/STM32H7xx_HAL_Driver/stm32h7xx_hal_adc_ex.o
                0x08005b94                HAL_ADCEx_LinearCalibration_FactorLoad
 .text.HAL_ADCEx_MultiModeConfigChannel
                0x08005c24      0x2c0 ./Drivers/STM32H7xx_HAL_Driver/stm32h7xx_hal_adc_ex.o
                0x08005c24                HAL_ADCEx_MultiModeConfigChannel
 .text.__NVIC_SetPriorityGrouping
                0x08005ee4       0x48 ./Drivers/STM32H7xx_HAL_Driver/stm32h7xx_hal_cortex.o
 .text.__NVIC_GetPriorityGrouping
                0x08005f2c       0x1c ./Drivers/STM32H7xx_HAL_Driver/stm32h7xx_hal_cortex.o
 .text.__NVIC_EnableIRQ
                0x08005f48       0x3c ./Drivers/STM32H7xx_HAL_Driver/stm32h7xx_hal_cortex.o
 .text.__NVIC_SetPriority
                0x08005f84       0x54 ./Drivers/STM32H7xx_HAL_Driver/stm32h7xx_hal_cortex.o
 .text.NVIC_EncodePriority
                0x08005fd8       0x66 ./Drivers/STM32H7xx_HAL_Driver/stm32h7xx_hal_cortex.o
 *fill*         0x0800603e        0x2 
 .text.SysTick_Config
                0x08006040       0x44 ./Drivers/STM32H7xx_HAL_Driver/stm32h7xx_hal_cortex.o
 .text.HAL_NVIC_SetPriorityGrouping
                0x08006084       0x40 ./Drivers/STM32H7xx_HAL_Driver/stm32h7xx_hal_cortex.o
                0x08006084                HAL_NVIC_SetPriorityGrouping
 .text.HAL_NVIC_SetPriority
                0x080060c4       0x54 ./Drivers/STM32H7xx_HAL_Driver/stm32h7xx_hal_cortex.o
                0x080060c4                HAL_NVIC_SetPriority
 .text.HAL_NVIC_EnableIRQ
                0x08006118       0x30 ./Drivers/STM32H7xx_HAL_Driver/stm32h7xx_hal_cortex.o
                0x08006118                HAL_NVIC_EnableIRQ
 .text.HAL_SYSTICK_Config
                0x08006148       0x18 ./Drivers/STM32H7xx_HAL_Driver/stm32h7xx_hal_cortex.o
                0x08006148                HAL_SYSTICK_Config
 .text.HAL_MPU_Disable
                0x08006160       0x30 ./Drivers/STM32H7xx_HAL_Driver/stm32h7xx_hal_cortex.o
                0x08006160                HAL_MPU_Disable
 .text.HAL_MPU_Enable
                0x08006190       0x40 ./Drivers/STM32H7xx_HAL_Driver/stm32h7xx_hal_cortex.o
                0x08006190                HAL_MPU_Enable
 .text.HAL_MPU_ConfigRegion
                0x080061d0      0x2ec ./Drivers/STM32H7xx_HAL_Driver/stm32h7xx_hal_cortex.o
                0x080061d0                HAL_MPU_ConfigRegion
 .text.HAL_DMA_Init
                0x080064bc      0x9ec ./Drivers/STM32H7xx_HAL_Driver/stm32h7xx_hal_dma.o
                0x080064bc                HAL_DMA_Init
 .text.HAL_DMA_Start_IT
                0x08006ea8      0x4f0 ./Drivers/STM32H7xx_HAL_Driver/stm32h7xx_hal_dma.o
                0x08006ea8                HAL_DMA_Start_IT
 .text.HAL_DMA_IRQHandler
                0x08007398      0xe54 ./Drivers/STM32H7xx_HAL_Driver/stm32h7xx_hal_dma.o
                0x08007398                HAL_DMA_IRQHandler
 .text.DMA_SetConfig
                0x080081ec      0x358 ./Drivers/STM32H7xx_HAL_Driver/stm32h7xx_hal_dma.o
 .text.DMA_CalcBaseAndBitshift
                0x08008544      0x164 ./Drivers/STM32H7xx_HAL_Driver/stm32h7xx_hal_dma.o
 .text.DMA_CheckFifoParam
                0x080086a8       0xf8 ./Drivers/STM32H7xx_HAL_Driver/stm32h7xx_hal_dma.o
 .text.DMA_CalcDMAMUXChannelBaseAndMask
                0x080087a0      0x134 ./Drivers/STM32H7xx_HAL_Driver/stm32h7xx_hal_dma.o
 .text.DMA_CalcDMAMUXRequestGenBaseAndMask
                0x080088d4       0xe8 ./Drivers/STM32H7xx_HAL_Driver/stm32h7xx_hal_dma.o
 .text.HAL_FDCAN_Init
                0x080089bc      0x778 ./Drivers/STM32H7xx_HAL_Driver/stm32h7xx_hal_fdcan.o
                0x080089bc                HAL_FDCAN_Init
 .text.HAL_FDCAN_ConfigFilter
                0x08009134      0x25c ./Drivers/STM32H7xx_HAL_Driver/stm32h7xx_hal_fdcan.o
                0x08009134                HAL_FDCAN_ConfigFilter
 .text.HAL_FDCAN_ConfigGlobalFilter
                0x08009390       0xc0 ./Drivers/STM32H7xx_HAL_Driver/stm32h7xx_hal_fdcan.o
                0x08009390                HAL_FDCAN_ConfigGlobalFilter
 .text.HAL_FDCAN_Start
                0x08009450       0x56 ./Drivers/STM32H7xx_HAL_Driver/stm32h7xx_hal_fdcan.o
                0x08009450                HAL_FDCAN_Start
 *fill*         0x080094a6        0x2 
 .text.HAL_FDCAN_GetRxMessage
                0x080094a8      0x2d8 ./Drivers/STM32H7xx_HAL_Driver/stm32h7xx_hal_fdcan.o
                0x080094a8                HAL_FDCAN_GetRxMessage
 .text.HAL_FDCAN_ActivateNotification
                0x08009780      0x108 ./Drivers/STM32H7xx_HAL_Driver/stm32h7xx_hal_fdcan.o
                0x08009780                HAL_FDCAN_ActivateNotification
 .text.HAL_FDCAN_IRQHandler
                0x08009888      0x4bc ./Drivers/STM32H7xx_HAL_Driver/stm32h7xx_hal_fdcan.o
                0x08009888                HAL_FDCAN_IRQHandler
 .text.HAL_FDCAN_ClockCalibrationCallback
                0x08009d44       0x16 ./Drivers/STM32H7xx_HAL_Driver/stm32h7xx_hal_fdcan.o
                0x08009d44                HAL_FDCAN_ClockCalibrationCallback
 .text.HAL_FDCAN_TxEventFifoCallback
                0x08009d5a       0x16 ./Drivers/STM32H7xx_HAL_Driver/stm32h7xx_hal_fdcan.o
                0x08009d5a                HAL_FDCAN_TxEventFifoCallback
 .text.HAL_FDCAN_RxFifo1Callback
                0x08009d70       0x16 ./Drivers/STM32H7xx_HAL_Driver/stm32h7xx_hal_fdcan.o
                0x08009d70                HAL_FDCAN_RxFifo1Callback
 .text.HAL_FDCAN_TxFifoEmptyCallback
                0x08009d86       0x14 ./Drivers/STM32H7xx_HAL_Driver/stm32h7xx_hal_fdcan.o
                0x08009d86                HAL_FDCAN_TxFifoEmptyCallback
 .text.HAL_FDCAN_TxBufferCompleteCallback
                0x08009d9a       0x16 ./Drivers/STM32H7xx_HAL_Driver/stm32h7xx_hal_fdcan.o
                0x08009d9a                HAL_FDCAN_TxBufferCompleteCallback
 .text.HAL_FDCAN_TxBufferAbortCallback
                0x08009db0       0x16 ./Drivers/STM32H7xx_HAL_Driver/stm32h7xx_hal_fdcan.o
                0x08009db0                HAL_FDCAN_TxBufferAbortCallback
 .text.HAL_FDCAN_RxBufferNewMessageCallback
                0x08009dc6       0x14 ./Drivers/STM32H7xx_HAL_Driver/stm32h7xx_hal_fdcan.o
                0x08009dc6                HAL_FDCAN_RxBufferNewMessageCallback
 .text.HAL_FDCAN_TimestampWraparoundCallback
                0x08009dda       0x14 ./Drivers/STM32H7xx_HAL_Driver/stm32h7xx_hal_fdcan.o
                0x08009dda                HAL_FDCAN_TimestampWraparoundCallback
 .text.HAL_FDCAN_TimeoutOccurredCallback
                0x08009dee       0x14 ./Drivers/STM32H7xx_HAL_Driver/stm32h7xx_hal_fdcan.o
                0x08009dee                HAL_FDCAN_TimeoutOccurredCallback
 .text.HAL_FDCAN_HighPriorityMessageCallback
                0x08009e02       0x14 ./Drivers/STM32H7xx_HAL_Driver/stm32h7xx_hal_fdcan.o
                0x08009e02                HAL_FDCAN_HighPriorityMessageCallback
 .text.HAL_FDCAN_ErrorCallback
                0x08009e16       0x14 ./Drivers/STM32H7xx_HAL_Driver/stm32h7xx_hal_fdcan.o
                0x08009e16                HAL_FDCAN_ErrorCallback
 .text.HAL_FDCAN_ErrorStatusCallback
                0x08009e2a       0x16 ./Drivers/STM32H7xx_HAL_Driver/stm32h7xx_hal_fdcan.o
                0x08009e2a                HAL_FDCAN_ErrorStatusCallback
 .text.HAL_FDCAN_TT_ScheduleSyncCallback
                0x08009e40       0x16 ./Drivers/STM32H7xx_HAL_Driver/stm32h7xx_hal_fdcan.o
                0x08009e40                HAL_FDCAN_TT_ScheduleSyncCallback
 .text.HAL_FDCAN_TT_TimeMarkCallback
                0x08009e56       0x16 ./Drivers/STM32H7xx_HAL_Driver/stm32h7xx_hal_fdcan.o
                0x08009e56                HAL_FDCAN_TT_TimeMarkCallback
 .text.HAL_FDCAN_TT_StopWatchCallback
                0x08009e6c       0x18 ./Drivers/STM32H7xx_HAL_Driver/stm32h7xx_hal_fdcan.o
                0x08009e6c                HAL_FDCAN_TT_StopWatchCallback
 .text.HAL_FDCAN_TT_GlobalTimeCallback
                0x08009e84       0x16 ./Drivers/STM32H7xx_HAL_Driver/stm32h7xx_hal_fdcan.o
                0x08009e84                HAL_FDCAN_TT_GlobalTimeCallback
 *fill*         0x08009e9a        0x2 
 .text.FDCAN_CalcultateRamBlockAddresses
                0x08009e9c      0x30c ./Drivers/STM32H7xx_HAL_Driver/stm32h7xx_hal_fdcan.o
 .text.HAL_GPIO_Init
                0x0800a1a8      0x530 ./Drivers/STM32H7xx_HAL_Driver/stm32h7xx_hal_gpio.o
                0x0800a1a8                HAL_GPIO_Init
 .text.HAL_GPIO_WritePin
                0x0800a6d8       0x58 ./Drivers/STM32H7xx_HAL_Driver/stm32h7xx_hal_gpio.o
                0x0800a6d8                HAL_GPIO_WritePin
 .text.HAL_I2C_Init
                0x0800a730      0x268 ./Drivers/STM32H7xx_HAL_Driver/stm32h7xx_hal_i2c.o
                0x0800a730                HAL_I2C_Init
 .text.HAL_I2C_Mem_Write
                0x0800a998      0x244 ./Drivers/STM32H7xx_HAL_Driver/stm32h7xx_hal_i2c.o
                0x0800a998                HAL_I2C_Mem_Write
 .text.HAL_I2C_Mem_Read
                0x0800abdc      0x250 ./Drivers/STM32H7xx_HAL_Driver/stm32h7xx_hal_i2c.o
                0x0800abdc                HAL_I2C_Mem_Read
 .text.I2C_RequestMemoryWrite
                0x0800ae2c       0xa8 ./Drivers/STM32H7xx_HAL_Driver/stm32h7xx_hal_i2c.o
 .text.I2C_RequestMemoryRead
                0x0800aed4       0xa8 ./Drivers/STM32H7xx_HAL_Driver/stm32h7xx_hal_i2c.o
 .text.I2C_Flush_TXDR
                0x0800af7c       0x48 ./Drivers/STM32H7xx_HAL_Driver/stm32h7xx_hal_i2c.o
 .text.I2C_WaitOnFlagUntilTimeout
                0x0800afc4       0xb2 ./Drivers/STM32H7xx_HAL_Driver/stm32h7xx_hal_i2c.o
 .text.I2C_WaitOnTXISFlagUntilTimeout
                0x0800b076       0x8e ./Drivers/STM32H7xx_HAL_Driver/stm32h7xx_hal_i2c.o
 .text.I2C_WaitOnSTOPFlagUntilTimeout
                0x0800b104       0x86 ./Drivers/STM32H7xx_HAL_Driver/stm32h7xx_hal_i2c.o
 *fill*         0x0800b18a        0x2 
 .text.I2C_IsErrorOccurred
                0x0800b18c      0x1c0 ./Drivers/STM32H7xx_HAL_Driver/stm32h7xx_hal_i2c.o
 .text.I2C_TransferConfig
                0x0800b34c      0x108 ./Drivers/STM32H7xx_HAL_Driver/stm32h7xx_hal_i2c.o
 .text.HAL_I2CEx_ConfigAnalogFilter
                0x0800b454       0xfc ./Drivers/STM32H7xx_HAL_Driver/stm32h7xx_hal_i2c_ex.o
                0x0800b454                HAL_I2CEx_ConfigAnalogFilter
 .text.HAL_I2CEx_ConfigDigitalFilter
                0x0800b550       0xf4 ./Drivers/STM32H7xx_HAL_Driver/stm32h7xx_hal_i2c_ex.o
                0x0800b550                HAL_I2CEx_ConfigDigitalFilter
 .text.HAL_PWREx_ConfigSupply
                0x0800b644       0xf8 ./Drivers/STM32H7xx_HAL_Driver/stm32h7xx_hal_pwr_ex.o
                0x0800b644                HAL_PWREx_ConfigSupply
 .text.HAL_RCC_OscConfig
                0x0800b73c      0xa60 ./Drivers/STM32H7xx_HAL_Driver/stm32h7xx_hal_rcc.o
                0x0800b73c                HAL_RCC_OscConfig
 .text.HAL_RCC_ClockConfig
                0x0800c19c      0x6e0 ./Drivers/STM32H7xx_HAL_Driver/stm32h7xx_hal_rcc.o
                0x0800c19c                HAL_RCC_ClockConfig
 .text.HAL_RCC_GetSysClockFreq
                0x0800c87c      0x2f4 ./Drivers/STM32H7xx_HAL_Driver/stm32h7xx_hal_rcc.o
                0x0800c87c                HAL_RCC_GetSysClockFreq
 .text.HAL_RCC_GetHCLKFreq
                0x0800cb70       0x60 ./Drivers/STM32H7xx_HAL_Driver/stm32h7xx_hal_rcc.o
                0x0800cb70                HAL_RCC_GetHCLKFreq
 .text.HAL_RCC_GetPCLK1Freq
                0x0800cbd0       0x2c ./Drivers/STM32H7xx_HAL_Driver/stm32h7xx_hal_rcc.o
                0x0800cbd0                HAL_RCC_GetPCLK1Freq
 .text.HAL_RCC_GetPCLK2Freq
                0x0800cbfc       0x2c ./Drivers/STM32H7xx_HAL_Driver/stm32h7xx_hal_rcc.o
                0x0800cbfc                HAL_RCC_GetPCLK2Freq
 .text.HAL_RCCEx_PeriphCLKConfig
                0x0800cc28     0x1964 ./Drivers/STM32H7xx_HAL_Driver/stm32h7xx_hal_rcc_ex.o
                0x0800cc28                HAL_RCCEx_PeriphCLKConfig
 .text.HAL_RCCEx_GetPeriphCLKFreq
                0x0800e58c      0x9a4 ./Drivers/STM32H7xx_HAL_Driver/stm32h7xx_hal_rcc_ex.o
                0x0800e58c                HAL_RCCEx_GetPeriphCLKFreq
 .text.HAL_RCCEx_GetD3PCLK1Freq
                0x0800ef30       0x2c ./Drivers/STM32H7xx_HAL_Driver/stm32h7xx_hal_rcc_ex.o
                0x0800ef30                HAL_RCCEx_GetD3PCLK1Freq
 .text.HAL_RCCEx_GetPLL2ClockFreq
                0x0800ef5c      0x2a8 ./Drivers/STM32H7xx_HAL_Driver/stm32h7xx_hal_rcc_ex.o
                0x0800ef5c                HAL_RCCEx_GetPLL2ClockFreq
 .text.HAL_RCCEx_GetPLL3ClockFreq
                0x0800f204      0x2a8 ./Drivers/STM32H7xx_HAL_Driver/stm32h7xx_hal_rcc_ex.o
                0x0800f204                HAL_RCCEx_GetPLL3ClockFreq
 .text.HAL_RCCEx_GetPLL1ClockFreq
                0x0800f4ac      0x2a4 ./Drivers/STM32H7xx_HAL_Driver/stm32h7xx_hal_rcc_ex.o
                0x0800f4ac                HAL_RCCEx_GetPLL1ClockFreq
 .text.RCCEx_PLL2_Config
                0x0800f750      0x244 ./Drivers/STM32H7xx_HAL_Driver/stm32h7xx_hal_rcc_ex.o
 .text.RCCEx_PLL3_Config
                0x0800f994      0x24c ./Drivers/STM32H7xx_HAL_Driver/stm32h7xx_hal_rcc_ex.o
 .text.HAL_TIM_Base_Init
                0x0800fbe0      0x270 ./Drivers/STM32H7xx_HAL_Driver/stm32h7xx_hal_tim.o
                0x0800fbe0                HAL_TIM_Base_Init
 .text.HAL_TIM_Base_Start_IT
                0x0800fe50      0x1cc ./Drivers/STM32H7xx_HAL_Driver/stm32h7xx_hal_tim.o
                0x0800fe50                HAL_TIM_Base_Start_IT
 .text.HAL_TIM_PWM_Init
                0x0801001c      0x270 ./Drivers/STM32H7xx_HAL_Driver/stm32h7xx_hal_tim.o
                0x0801001c                HAL_TIM_PWM_Init
 .text.HAL_TIM_PWM_MspInit
                0x0801028c       0x14 ./Drivers/STM32H7xx_HAL_Driver/stm32h7xx_hal_tim.o
                0x0801028c                HAL_TIM_PWM_MspInit
 .text.HAL_TIM_IRQHandler
                0x080102a0      0x20e ./Drivers/STM32H7xx_HAL_Driver/stm32h7xx_hal_tim.o
                0x080102a0                HAL_TIM_IRQHandler
 *fill*         0x080104ae        0x2 
 .text.HAL_TIM_PWM_ConfigChannel
                0x080104b0      0x548 ./Drivers/STM32H7xx_HAL_Driver/stm32h7xx_hal_tim.o
                0x080104b0                HAL_TIM_PWM_ConfigChannel
 .text.HAL_TIM_ConfigClockSource
                0x080109f8      0x814 ./Drivers/STM32H7xx_HAL_Driver/stm32h7xx_hal_tim.o
                0x080109f8                HAL_TIM_ConfigClockSource
 .text.HAL_TIM_OC_DelayElapsedCallback
                0x0801120c       0x14 ./Drivers/STM32H7xx_HAL_Driver/stm32h7xx_hal_tim.o
                0x0801120c                HAL_TIM_OC_DelayElapsedCallback
 .text.HAL_TIM_IC_CaptureCallback
                0x08011220       0x14 ./Drivers/STM32H7xx_HAL_Driver/stm32h7xx_hal_tim.o
                0x08011220                HAL_TIM_IC_CaptureCallback
 .text.HAL_TIM_PWM_PulseFinishedCallback
                0x08011234       0x14 ./Drivers/STM32H7xx_HAL_Driver/stm32h7xx_hal_tim.o
                0x08011234                HAL_TIM_PWM_PulseFinishedCallback
 .text.HAL_TIM_TriggerCallback
                0x08011248       0x14 ./Drivers/STM32H7xx_HAL_Driver/stm32h7xx_hal_tim.o
                0x08011248                HAL_TIM_TriggerCallback
 .text.TIM_Base_SetConfig
                0x0801125c      0x158 ./Drivers/STM32H7xx_HAL_Driver/stm32h7xx_hal_tim.o
                0x0801125c                TIM_Base_SetConfig
 .text.TIM_OC1_SetConfig
                0x080113b4      0x174 ./Drivers/STM32H7xx_HAL_Driver/stm32h7xx_hal_tim.o
 .text.TIM_OC2_SetConfig
                0x08011528      0x164 ./Drivers/STM32H7xx_HAL_Driver/stm32h7xx_hal_tim.o
                0x08011528                TIM_OC2_SetConfig
 .text.TIM_OC3_SetConfig
                0x0801168c      0x164 ./Drivers/STM32H7xx_HAL_Driver/stm32h7xx_hal_tim.o
 .text.TIM_OC4_SetConfig
                0x080117f0       0xf0 ./Drivers/STM32H7xx_HAL_Driver/stm32h7xx_hal_tim.o
 .text.TIM_OC5_SetConfig
                0x080118e0       0xc8 ./Drivers/STM32H7xx_HAL_Driver/stm32h7xx_hal_tim.o
 .text.TIM_OC6_SetConfig
                0x080119a8       0xcc ./Drivers/STM32H7xx_HAL_Driver/stm32h7xx_hal_tim.o
 .text.TIM_TI1_ConfigInputStage
                0x08011a74       0x5e ./Drivers/STM32H7xx_HAL_Driver/stm32h7xx_hal_tim.o
 .text.TIM_TI2_ConfigInputStage
                0x08011ad2       0x60 ./Drivers/STM32H7xx_HAL_Driver/stm32h7xx_hal_tim.o
 *fill*         0x08011b32        0x2 
 .text.TIM_ITRx_SetConfig
                0x08011b34       0x3c ./Drivers/STM32H7xx_HAL_Driver/stm32h7xx_hal_tim.o
 .text.TIM_ETR_SetConfig
                0x08011b70       0x40 ./Drivers/STM32H7xx_HAL_Driver/stm32h7xx_hal_tim.o
                0x08011b70                TIM_ETR_SetConfig
 .text.HAL_TIMEx_MasterConfigSynchronization
                0x08011bb0      0x304 ./Drivers/STM32H7xx_HAL_Driver/stm32h7xx_hal_tim_ex.o
                0x08011bb0                HAL_TIMEx_MasterConfigSynchronization
 .text.HAL_TIMEx_ConfigBreakDeadTime
                0x08011eb4      0x2d0 ./Drivers/STM32H7xx_HAL_Driver/stm32h7xx_hal_tim_ex.o
                0x08011eb4                HAL_TIMEx_ConfigBreakDeadTime
 .text.HAL_TIMEx_CommutCallback
                0x08012184       0x14 ./Drivers/STM32H7xx_HAL_Driver/stm32h7xx_hal_tim_ex.o
                0x08012184                HAL_TIMEx_CommutCallback
 .text.HAL_TIMEx_BreakCallback
                0x08012198       0x14 ./Drivers/STM32H7xx_HAL_Driver/stm32h7xx_hal_tim_ex.o
                0x08012198                HAL_TIMEx_BreakCallback
 .text.HAL_TIMEx_Break2Callback
                0x080121ac       0x14 ./Drivers/STM32H7xx_HAL_Driver/stm32h7xx_hal_tim_ex.o
                0x080121ac                HAL_TIMEx_Break2Callback
 .text.HAL_UART_Init
                0x080121c0      0x1cc ./Drivers/STM32H7xx_HAL_Driver/stm32h7xx_hal_uart.o
                0x080121c0                HAL_UART_Init
 .text.HAL_UART_Transmit
                0x0801238c      0x11c ./Drivers/STM32H7xx_HAL_Driver/stm32h7xx_hal_uart.o
                0x0801238c                HAL_UART_Transmit
 .text.HAL_UART_Receive
                0x080124a8      0x190 ./Drivers/STM32H7xx_HAL_Driver/stm32h7xx_hal_uart.o
                0x080124a8                HAL_UART_Receive
 .text.UART_SetConfig
                0x08012638      0xe8c ./Drivers/STM32H7xx_HAL_Driver/stm32h7xx_hal_uart.o
                0x08012638                UART_SetConfig
 .text.UART_AdvFeatureConfig
                0x080134c4      0x304 ./Drivers/STM32H7xx_HAL_Driver/stm32h7xx_hal_uart.o
                0x080134c4                UART_AdvFeatureConfig
 .text.UART_CheckIdleState
                0x080137c8      0x154 ./Drivers/STM32H7xx_HAL_Driver/stm32h7xx_hal_uart.o
                0x080137c8                UART_CheckIdleState
 .text.UART_WaitOnFlagUntilTimeout
                0x0801391c       0xda ./Drivers/STM32H7xx_HAL_Driver/stm32h7xx_hal_uart.o
                0x0801391c                UART_WaitOnFlagUntilTimeout
 *fill*         0x080139f6        0x2 
 .text.UART_EndRxTransfer
                0x080139f8       0xcc ./Drivers/STM32H7xx_HAL_Driver/stm32h7xx_hal_uart.o
 .text.HAL_UARTEx_DisableFifoMode
                0x08013ac4      0x118 ./Drivers/STM32H7xx_HAL_Driver/stm32h7xx_hal_uart_ex.o
                0x08013ac4                HAL_UARTEx_DisableFifoMode
 .text.HAL_UARTEx_SetTxFifoThreshold
                0x08013bdc      0x15c ./Drivers/STM32H7xx_HAL_Driver/stm32h7xx_hal_uart_ex.o
                0x08013bdc                HAL_UARTEx_SetTxFifoThreshold
 .text.HAL_UARTEx_SetRxFifoThreshold
                0x08013d38      0x15c ./Drivers/STM32H7xx_HAL_Driver/stm32h7xx_hal_uart_ex.o
                0x08013d38                HAL_UARTEx_SetRxFifoThreshold
 .text.UARTEx_SetNbDataToProcess
                0x08013e94       0x9c ./Drivers/STM32H7xx_HAL_Driver/stm32h7xx_hal_uart_ex.o
 .text.__cvt    0x08013f30       0xa8 /opt/st/stm32cubeide_1.19.0/plugins/com.st.stm32cube.ide.mcu.externaltools.gnu-tools-for-stm32.13.3.rel1.linux64_1.0.0.202410170706/tools/bin/../lib/gcc/arm-none-eabi/13.3.1/../../../../arm-none-eabi/lib/thumb/v7e-m+dp/hard/libc_nano.a(libc_a-nano-vfprintf_float.o)
                0x08013f30                __cvt
 .text.__exponent
                0x08013fd8       0x74 /opt/st/stm32cubeide_1.19.0/plugins/com.st.stm32cube.ide.mcu.externaltools.gnu-tools-for-stm32.13.3.rel1.linux64_1.0.0.202410170706/tools/bin/../lib/gcc/arm-none-eabi/13.3.1/../../../../arm-none-eabi/lib/thumb/v7e-m+dp/hard/libc_nano.a(libc_a-nano-vfprintf_float.o)
                0x08013fd8                __exponent
 *fill*         0x0801404c        0x4 
 .text._printf_float
                0x08014050      0x434 /opt/st/stm32cubeide_1.19.0/plugins/com.st.stm32cube.ide.mcu.externaltools.gnu-tools-for-stm32.13.3.rel1.linux64_1.0.0.202410170706/tools/bin/../lib/gcc/arm-none-eabi/13.3.1/../../../../arm-none-eabi/lib/thumb/v7e-m+dp/hard/libc_nano.a(libc_a-nano-vfprintf_float.o)
                0x08014050                _printf_float
 .text._printf_common
                0x08014484       0xda /opt/st/stm32cubeide_1.19.0/plugins/com.st.stm32cube.ide.mcu.externaltools.gnu-tools-for-stm32.13.3.rel1.linux64_1.0.0.202410170706/tools/bin/../lib/gcc/arm-none-eabi/13.3.1/../../../../arm-none-eabi/lib/thumb/v7e-m+dp/hard/libc_nano.a(libc_a-nano-vfprintf_i.o)
                0x08014484                _printf_common
 *fill*         0x0801455e        0x2 
 .text._printf_i
                0x08014560      0x23c /opt/st/stm32cubeide_1.19.0/plugins/com.st.stm32cube.ide.mcu.externaltools.gnu-tools-for-stm32.13.3.rel1.linux64_1.0.0.202410170706/tools/bin/../lib/gcc/arm-none-eabi/13.3.1/../../../../arm-none-eabi/lib/thumb/v7e-m+dp/hard/libc_nano.a(libc_a-nano-vfprintf_i.o)
                0x08014560                _printf_i
 .text.std      0x0801479c       0x6c /opt/st/stm32cubeide_1.19.0/plugins/com.st.stm32cube.ide.mcu.externaltools.gnu-tools-for-stm32.13.3.rel1.linux64_1.0.0.202410170706/tools/bin/../lib/gcc/arm-none-eabi/13.3.1/../../../../arm-none-eabi/lib/thumb/v7e-m+dp/hard/libc_nano.a(libc_a-findfp.o)
 .text.stdio_exit_handler
                0x08014808       0x18 /opt/st/stm32cubeide_1.19.0/plugins/com.st.stm32cube.ide.mcu.externaltools.gnu-tools-for-stm32.13.3.rel1.linux64_1.0.0.202410170706/tools/bin/../lib/gcc/arm-none-eabi/13.3.1/../../../../arm-none-eabi/lib/thumb/v7e-m+dp/hard/libc_nano.a(libc_a-findfp.o)
 .text.cleanup_stdio
                0x08014820       0x40 /opt/st/stm32cubeide_1.19.0/plugins/com.st.stm32cube.ide.mcu.externaltools.gnu-tools-for-stm32.13.3.rel1.linux64_1.0.0.202410170706/tools/bin/../lib/gcc/arm-none-eabi/13.3.1/../../../../arm-none-eabi/lib/thumb/v7e-m+dp/hard/libc_nano.a(libc_a-findfp.o)
 .text.global_stdio_init.part.0
                0x08014860       0x3c /opt/st/stm32cubeide_1.19.0/plugins/com.st.stm32cube.ide.mcu.externaltools.gnu-tools-for-stm32.13.3.rel1.linux64_1.0.0.202410170706/tools/bin/../lib/gcc/arm-none-eabi/13.3.1/../../../../arm-none-eabi/lib/thumb/v7e-m+dp/hard/libc_nano.a(libc_a-findfp.o)
 .text.__sfp_lock_acquire
                0x0801489c        0xc /opt/st/stm32cubeide_1.19.0/plugins/com.st.stm32cube.ide.mcu.externaltools.gnu-tools-for-stm32.13.3.rel1.linux64_1.0.0.202410170706/tools/bin/../lib/gcc/arm-none-eabi/13.3.1/../../../../arm-none-eabi/lib/thumb/v7e-m+dp/hard/libc_nano.a(libc_a-findfp.o)
                0x0801489c                __sfp_lock_acquire
 .text.__sfp_lock_release
                0x080148a8        0xc /opt/st/stm32cubeide_1.19.0/plugins/com.st.stm32cube.ide.mcu.externaltools.gnu-tools-for-stm32.13.3.rel1.linux64_1.0.0.202410170706/tools/bin/../lib/gcc/arm-none-eabi/13.3.1/../../../../arm-none-eabi/lib/thumb/v7e-m+dp/hard/libc_nano.a(libc_a-findfp.o)
                0x080148a8                __sfp_lock_release
 .text.__sinit  0x080148b4       0x30 /opt/st/stm32cubeide_1.19.0/plugins/com.st.stm32cube.ide.mcu.externaltools.gnu-tools-for-stm32.13.3.rel1.linux64_1.0.0.202410170706/tools/bin/../lib/gcc/arm-none-eabi/13.3.1/../../../../arm-none-eabi/lib/thumb/v7e-m+dp/hard/libc_nano.a(libc_a-findfp.o)
                0x080148b4                __sinit
 .text._fwalk_sglue
                0x080148e4       0x3c /opt/st/stm32cubeide_1.19.0/plugins/com.st.stm32cube.ide.mcu.externaltools.gnu-tools-for-stm32.13.3.rel1.linux64_1.0.0.202410170706/tools/bin/../lib/gcc/arm-none-eabi/13.3.1/../../../../arm-none-eabi/lib/thumb/v7e-m+dp/hard/libc_nano.a(libc_a-fwalk.o)
                0x080148e4                _fwalk_sglue
 .text.printf   0x08014920       0x24 /opt/st/stm32cubeide_1.19.0/plugins/com.st.stm32cube.ide.mcu.externaltools.gnu-tools-for-stm32.13.3.rel1.linux64_1.0.0.202410170706/tools/bin/../lib/gcc/arm-none-eabi/13.3.1/../../../../arm-none-eabi/lib/thumb/v7e-m+dp/hard/libc_nano.a(libc_a-printf.o)
                0x08014920                printf
                0x08014920                iprintf
 .text._puts_r  0x08014944       0xaa /opt/st/stm32cubeide_1.19.0/plugins/com.st.stm32cube.ide.mcu.externaltools.gnu-tools-for-stm32.13.3.rel1.linux64_1.0.0.202410170706/tools/bin/../lib/gcc/arm-none-eabi/13.3.1/../../../../arm-none-eabi/lib/thumb/v7e-m+dp/hard/libc_nano.a(libc_a-puts.o)
                0x08014944                _puts_r
 *fill*         0x080149ee        0x2 
 .text.puts     0x080149f0       0x10 /opt/st/stm32cubeide_1.19.0/plugins/com.st.stm32cube.ide.mcu.externaltools.gnu-tools-for-stm32.13.3.rel1.linux64_1.0.0.202410170706/tools/bin/../lib/gcc/arm-none-eabi/13.3.1/../../../../arm-none-eabi/lib/thumb/v7e-m+dp/hard/libc_nano.a(libc_a-puts.o)
                0x080149f0                puts
 .text.setbuf   0x08014a00       0x10 /opt/st/stm32cubeide_1.19.0/plugins/com.st.stm32cube.ide.mcu.externaltools.gnu-tools-for-stm32.13.3.rel1.linux64_1.0.0.202410170706/tools/bin/../lib/gcc/arm-none-eabi/13.3.1/../../../../arm-none-eabi/lib/thumb/v7e-m+dp/hard/libc_nano.a(libc_a-setbuf.o)
                0x08014a00                setbuf
 .text.setvbuf  0x08014a10      0x168 /opt/st/stm32cubeide_1.19.0/plugins/com.st.stm32cube.ide.mcu.externaltools.gnu-tools-for-stm32.13.3.rel1.linux64_1.0.0.202410170706/tools/bin/../lib/gcc/arm-none-eabi/13.3.1/../../../../arm-none-eabi/lib/thumb/v7e-m+dp/hard/libc_nano.a(libc_a-setvbuf.o)
                0x08014a10                setvbuf
 .text.snprintf
                0x08014b78       0x6c /opt/st/stm32cubeide_1.19.0/plugins/com.st.stm32cube.ide.mcu.externaltools.gnu-tools-for-stm32.13.3.rel1.linux64_1.0.0.202410170706/tools/bin/../lib/gcc/arm-none-eabi/13.3.1/../../../../arm-none-eabi/lib/thumb/v7e-m+dp/hard/libc_nano.a(libc_a-snprintf.o)
                0x08014b78                snprintf
                0x08014b78                sniprintf
 .text.sprintf  0x08014be4       0x44 /opt/st/stm32cubeide_1.19.0/plugins/com.st.stm32cube.ide.mcu.externaltools.gnu-tools-for-stm32.13.3.rel1.linux64_1.0.0.202410170706/tools/bin/../lib/gcc/arm-none-eabi/13.3.1/../../../../arm-none-eabi/lib/thumb/v7e-m+dp/hard/libc_nano.a(libc_a-sprintf.o)
                0x08014be4                sprintf
                0x08014be4                siprintf
 .text.__sread  0x08014c28       0x22 /opt/st/stm32cubeide_1.19.0/plugins/com.st.stm32cube.ide.mcu.externaltools.gnu-tools-for-stm32.13.3.rel1.linux64_1.0.0.202410170706/tools/bin/../lib/gcc/arm-none-eabi/13.3.1/../../../../arm-none-eabi/lib/thumb/v7e-m+dp/hard/libc_nano.a(libc_a-stdio.o)
                0x08014c28                __sread
 .text.__swrite
                0x08014c4a       0x38 /opt/st/stm32cubeide_1.19.0/plugins/com.st.stm32cube.ide.mcu.externaltools.gnu-tools-for-stm32.13.3.rel1.linux64_1.0.0.202410170706/tools/bin/../lib/gcc/arm-none-eabi/13.3.1/../../../../arm-none-eabi/lib/thumb/v7e-m+dp/hard/libc_nano.a(libc_a-stdio.o)
                0x08014c4a                __swrite
 .text.__sseek  0x08014c82       0x24 /opt/st/stm32cubeide_1.19.0/plugins/com.st.stm32cube.ide.mcu.externaltools.gnu-tools-for-stm32.13.3.rel1.linux64_1.0.0.202410170706/tools/bin/../lib/gcc/arm-none-eabi/13.3.1/../../../../arm-none-eabi/lib/thumb/v7e-m+dp/hard/libc_nano.a(libc_a-stdio.o)
                0x08014c82                __sseek
 .text.__sclose
                0x08014ca6        0x8 /opt/st/stm32cubeide_1.19.0/plugins/com.st.stm32cube.ide.mcu.externaltools.gnu-tools-for-stm32.13.3.rel1.linux64_1.0.0.202410170706/tools/bin/../lib/gcc/arm-none-eabi/13.3.1/../../../../arm-none-eabi/lib/thumb/v7e-m+dp/hard/libc_nano.a(libc_a-stdio.o)
                0x08014ca6                __sclose
 .text.__swbuf_r
                0x08014cae       0x7c /opt/st/stm32cubeide_1.19.0/plugins/com.st.stm32cube.ide.mcu.externaltools.gnu-tools-for-stm32.13.3.rel1.linux64_1.0.0.202410170706/tools/bin/../lib/gcc/arm-none-eabi/13.3.1/../../../../arm-none-eabi/lib/thumb/v7e-m+dp/hard/libc_nano.a(libc_a-wbuf.o)
                0x08014cae                __swbuf_r
 *fill*         0x08014d2a        0x2 
 .text.__swsetup_r
                0x08014d2c       0xac /opt/st/stm32cubeide_1.19.0/plugins/com.st.stm32cube.ide.mcu.externaltools.gnu-tools-for-stm32.13.3.rel1.linux64_1.0.0.202410170706/tools/bin/../lib/gcc/arm-none-eabi/13.3.1/../../../../arm-none-eabi/lib/thumb/v7e-m+dp/hard/libc_nano.a(libc_a-wsetup.o)
                0x08014d2c                __swsetup_r
 .text.memset   0x08014dd8       0x10 /opt/st/stm32cubeide_1.19.0/plugins/com.st.stm32cube.ide.mcu.externaltools.gnu-tools-for-stm32.13.3.rel1.linux64_1.0.0.202410170706/tools/bin/../lib/gcc/arm-none-eabi/13.3.1/../../../../arm-none-eabi/lib/thumb/v7e-m+dp/hard/libc_nano.a(libc_a-memset.o)
                0x08014dd8                memset
 .text.strnlen  0x08014de8       0x18 /opt/st/stm32cubeide_1.19.0/plugins/com.st.stm32cube.ide.mcu.externaltools.gnu-tools-for-stm32.13.3.rel1.linux64_1.0.0.202410170706/tools/bin/../lib/gcc/arm-none-eabi/13.3.1/../../../../arm-none-eabi/lib/thumb/v7e-m+dp/hard/libc_nano.a(libc_a-strnlen.o)
                0x08014de8                strnlen
 .text._localeconv_r
                0x08014e00        0x8 /opt/st/stm32cubeide_1.19.0/plugins/com.st.stm32cube.ide.mcu.externaltools.gnu-tools-for-stm32.13.3.rel1.linux64_1.0.0.202410170706/tools/bin/../lib/gcc/arm-none-eabi/13.3.1/../../../../arm-none-eabi/lib/thumb/v7e-m+dp/hard/libc_nano.a(libc_a-localeconv.o)
                0x08014e00                _localeconv_r
 .text._close_r
                0x08014e08       0x20 /opt/st/stm32cubeide_1.19.0/plugins/com.st.stm32cube.ide.mcu.externaltools.gnu-tools-for-stm32.13.3.rel1.linux64_1.0.0.202410170706/tools/bin/../lib/gcc/arm-none-eabi/13.3.1/../../../../arm-none-eabi/lib/thumb/v7e-m+dp/hard/libc_nano.a(libc_a-closer.o)
                0x08014e08                _close_r
 .text._lseek_r
                0x08014e28       0x24 /opt/st/stm32cubeide_1.19.0/plugins/com.st.stm32cube.ide.mcu.externaltools.gnu-tools-for-stm32.13.3.rel1.linux64_1.0.0.202410170706/tools/bin/../lib/gcc/arm-none-eabi/13.3.1/../../../../arm-none-eabi/lib/thumb/v7e-m+dp/hard/libc_nano.a(libc_a-lseekr.o)
                0x08014e28                _lseek_r
 .text._read_r  0x08014e4c       0x24 /opt/st/stm32cubeide_1.19.0/plugins/com.st.stm32cube.ide.mcu.externaltools.gnu-tools-for-stm32.13.3.rel1.linux64_1.0.0.202410170706/tools/bin/../lib/gcc/arm-none-eabi/13.3.1/../../../../arm-none-eabi/lib/thumb/v7e-m+dp/hard/libc_nano.a(libc_a-readr.o)
                0x08014e4c                _read_r
 .text._write_r
                0x08014e70       0x24 /opt/st/stm32cubeide_1.19.0/plugins/com.st.stm32cube.ide.mcu.externaltools.gnu-tools-for-stm32.13.3.rel1.linux64_1.0.0.202410170706/tools/bin/../lib/gcc/arm-none-eabi/13.3.1/../../../../arm-none-eabi/lib/thumb/v7e-m+dp/hard/libc_nano.a(libc_a-writer.o)
                0x08014e70                _write_r
 .text.__errno  0x08014e94        0xc /opt/st/stm32cubeide_1.19.0/plugins/com.st.stm32cube.ide.mcu.externaltools.gnu-tools-for-stm32.13.3.rel1.linux64_1.0.0.202410170706/tools/bin/../lib/gcc/arm-none-eabi/13.3.1/../../../../arm-none-eabi/lib/thumb/v7e-m+dp/hard/libc_nano.a(libc_a-errno.o)
                0x08014e94                __errno
 .text.__libc_init_array
                0x08014ea0       0x48 /opt/st/stm32cubeide_1.19.0/plugins/com.st.stm32cube.ide.mcu.externaltools.gnu-tools-for-stm32.13.3.rel1.linux64_1.0.0.202410170706/tools/bin/../lib/gcc/arm-none-eabi/13.3.1/../../../../arm-none-eabi/lib/thumb/v7e-m+dp/hard/libc_nano.a(libc_a-init.o)
                0x08014ea0                __libc_init_array
 .text.__retarget_lock_init_recursive
                0x08014ee8        0x2 /opt/st/stm32cubeide_1.19.0/plugins/com.st.stm32cube.ide.mcu.externaltools.gnu-tools-for-stm32.13.3.rel1.linux64_1.0.0.202410170706/tools/bin/../lib/gcc/arm-none-eabi/13.3.1/../../../../arm-none-eabi/lib/thumb/v7e-m+dp/hard/libc_nano.a(libc_a-lock.o)
                0x08014ee8                __retarget_lock_init_recursive
 .text.__retarget_lock_acquire_recursive
                0x08014eea        0x2 /opt/st/stm32cubeide_1.19.0/plugins/com.st.stm32cube.ide.mcu.externaltools.gnu-tools-for-stm32.13.3.rel1.linux64_1.0.0.202410170706/tools/bin/../lib/gcc/arm-none-eabi/13.3.1/../../../../arm-none-eabi/lib/thumb/v7e-m+dp/hard/libc_nano.a(libc_a-lock.o)
                0x08014eea                __retarget_lock_acquire_recursive
 .text.__retarget_lock_release_recursive
                0x08014eec        0x2 /opt/st/stm32cubeide_1.19.0/plugins/com.st.stm32cube.ide.mcu.externaltools.gnu-tools-for-stm32.13.3.rel1.linux64_1.0.0.202410170706/tools/bin/../lib/gcc/arm-none-eabi/13.3.1/../../../../arm-none-eabi/lib/thumb/v7e-m+dp/hard/libc_nano.a(libc_a-lock.o)
                0x08014eec                __retarget_lock_release_recursive
 .text.memcpy   0x08014eee       0x1c /opt/st/stm32cubeide_1.19.0/plugins/com.st.stm32cube.ide.mcu.externaltools.gnu-tools-for-stm32.13.3.rel1.linux64_1.0.0.202410170706/tools/bin/../lib/gcc/arm-none-eabi/13.3.1/../../../../arm-none-eabi/lib/thumb/v7e-m+dp/hard/libc_nano.a(libc_a-memcpy-stub.o)
                0x08014eee                memcpy
 .text.quorem   0x08014f0a      0x110 /opt/st/stm32cubeide_1.19.0/plugins/com.st.stm32cube.ide.mcu.externaltools.gnu-tools-for-stm32.13.3.rel1.linux64_1.0.0.202410170706/tools/bin/../lib/gcc/arm-none-eabi/13.3.1/../../../../arm-none-eabi/lib/thumb/v7e-m+dp/hard/libc_nano.a(libc_a-dtoa.o)
 *fill*         0x0801501a        0x6 
 .text._dtoa_r  0x08015020      0xabc /opt/st/stm32cubeide_1.19.0/plugins/com.st.stm32cube.ide.mcu.externaltools.gnu-tools-for-stm32.13.3.rel1.linux64_1.0.0.202410170706/tools/bin/../lib/gcc/arm-none-eabi/13.3.1/../../../../arm-none-eabi/lib/thumb/v7e-m+dp/hard/libc_nano.a(libc_a-dtoa.o)
                0x08015020                _dtoa_r
 .text._free_r  0x08015adc       0x94 /opt/st/stm32cubeide_1.19.0/plugins/com.st.stm32cube.ide.mcu.externaltools.gnu-tools-for-stm32.13.3.rel1.linux64_1.0.0.202410170706/tools/bin/../lib/gcc/arm-none-eabi/13.3.1/../../../../arm-none-eabi/lib/thumb/v7e-m+dp/hard/libc_nano.a(libc_a-freer.o)
                0x08015adc                _free_r
 .text.malloc   0x08015b70       0x10 /opt/st/stm32cubeide_1.19.0/plugins/com.st.stm32cube.ide.mcu.externaltools.gnu-tools-for-stm32.13.3.rel1.linux64_1.0.0.202410170706/tools/bin/../lib/gcc/arm-none-eabi/13.3.1/../../../../arm-none-eabi/lib/thumb/v7e-m+dp/hard/libc_nano.a(libc_a-malloc.o)
                0x08015b70                malloc
 .text.sbrk_aligned
                0x08015b80       0x44 /opt/st/stm32cubeide_1.19.0/plugins/com.st.stm32cube.ide.mcu.externaltools.gnu-tools-for-stm32.13.3.rel1.linux64_1.0.0.202410170706/tools/bin/../lib/gcc/arm-none-eabi/13.3.1/../../../../arm-none-eabi/lib/thumb/v7e-m+dp/hard/libc_nano.a(libc_a-mallocr.o)
 .text._malloc_r
                0x08015bc4      0x100 /opt/st/stm32cubeide_1.19.0/plugins/com.st.stm32cube.ide.mcu.externaltools.gnu-tools-for-stm32.13.3.rel1.linux64_1.0.0.202410170706/tools/bin/../lib/gcc/arm-none-eabi/13.3.1/../../../../arm-none-eabi/lib/thumb/v7e-m+dp/hard/libc_nano.a(libc_a-mallocr.o)
                0x08015bc4                _malloc_r
 .text.__malloc_lock
                0x08015cc4        0xc /opt/st/stm32cubeide_1.19.0/plugins/com.st.stm32cube.ide.mcu.externaltools.gnu-tools-for-stm32.13.3.rel1.linux64_1.0.0.202410170706/tools/bin/../lib/gcc/arm-none-eabi/13.3.1/../../../../arm-none-eabi/lib/thumb/v7e-m+dp/hard/libc_nano.a(libc_a-mlock.o)
                0x08015cc4                __malloc_lock
 .text.__malloc_unlock
                0x08015cd0        0xc /opt/st/stm32cubeide_1.19.0/plugins/com.st.stm32cube.ide.mcu.externaltools.gnu-tools-for-stm32.13.3.rel1.linux64_1.0.0.202410170706/tools/bin/../lib/gcc/arm-none-eabi/13.3.1/../../../../arm-none-eabi/lib/thumb/v7e-m+dp/hard/libc_nano.a(libc_a-mlock.o)
                0x08015cd0                __malloc_unlock
 .text._Balloc  0x08015cdc       0x80 /opt/st/stm32cubeide_1.19.0/plugins/com.st.stm32cube.ide.mcu.externaltools.gnu-tools-for-stm32.13.3.rel1.linux64_1.0.0.202410170706/tools/bin/../lib/gcc/arm-none-eabi/13.3.1/../../../../arm-none-eabi/lib/thumb/v7e-m+dp/hard/libc_nano.a(libc_a-mprec.o)
                0x08015cdc                _Balloc
 .text._Bfree   0x08015d5c       0x44 /opt/st/stm32cubeide_1.19.0/plugins/com.st.stm32cube.ide.mcu.externaltools.gnu-tools-for-stm32.13.3.rel1.linux64_1.0.0.202410170706/tools/bin/../lib/gcc/arm-none-eabi/13.3.1/../../../../arm-none-eabi/lib/thumb/v7e-m+dp/hard/libc_nano.a(libc_a-mprec.o)
                0x08015d5c                _Bfree
 .text.__multadd
                0x08015da0       0x8c /opt/st/stm32cubeide_1.19.0/plugins/com.st.stm32cube.ide.mcu.externaltools.gnu-tools-for-stm32.13.3.rel1.linux64_1.0.0.202410170706/tools/bin/../lib/gcc/arm-none-eabi/13.3.1/../../../../arm-none-eabi/lib/thumb/v7e-m+dp/hard/libc_nano.a(libc_a-mprec.o)
                0x08015da0                __multadd
 .text.__hi0bits
                0x08015e2c       0x3e /opt/st/stm32cubeide_1.19.0/plugins/com.st.stm32cube.ide.mcu.externaltools.gnu-tools-for-stm32.13.3.rel1.linux64_1.0.0.202410170706/tools/bin/../lib/gcc/arm-none-eabi/13.3.1/../../../../arm-none-eabi/lib/thumb/v7e-m+dp/hard/libc_nano.a(libc_a-mprec.o)
                0x08015e2c                __hi0bits
 .text.__lo0bits
                0x08015e6a       0x5a /opt/st/stm32cubeide_1.19.0/plugins/com.st.stm32cube.ide.mcu.externaltools.gnu-tools-for-stm32.13.3.rel1.linux64_1.0.0.202410170706/tools/bin/../lib/gcc/arm-none-eabi/13.3.1/../../../../arm-none-eabi/lib/thumb/v7e-m+dp/hard/libc_nano.a(libc_a-mprec.o)
                0x08015e6a                __lo0bits
 .text.__i2b    0x08015ec4       0x2c /opt/st/stm32cubeide_1.19.0/plugins/com.st.stm32cube.ide.mcu.externaltools.gnu-tools-for-stm32.13.3.rel1.linux64_1.0.0.202410170706/tools/bin/../lib/gcc/arm-none-eabi/13.3.1/../../../../arm-none-eabi/lib/thumb/v7e-m+dp/hard/libc_nano.a(libc_a-mprec.o)
                0x08015ec4                __i2b
 .text.__multiply
                0x08015ef0      0x144 /opt/st/stm32cubeide_1.19.0/plugins/com.st.stm32cube.ide.mcu.externaltools.gnu-tools-for-stm32.13.3.rel1.linux64_1.0.0.202410170706/tools/bin/../lib/gcc/arm-none-eabi/13.3.1/../../../../arm-none-eabi/lib/thumb/v7e-m+dp/hard/libc_nano.a(libc_a-mprec.o)
                0x08015ef0                __multiply
 .text.__pow5mult
                0x08016034       0xb4 /opt/st/stm32cubeide_1.19.0/plugins/com.st.stm32cube.ide.mcu.externaltools.gnu-tools-for-stm32.13.3.rel1.linux64_1.0.0.202410170706/tools/bin/../lib/gcc/arm-none-eabi/13.3.1/../../../../arm-none-eabi/lib/thumb/v7e-m+dp/hard/libc_nano.a(libc_a-mprec.o)
                0x08016034                __pow5mult
 .text.__lshift
                0x080160e8       0xd8 /opt/st/stm32cubeide_1.19.0/plugins/com.st.stm32cube.ide.mcu.externaltools.gnu-tools-for-stm32.13.3.rel1.linux64_1.0.0.202410170706/tools/bin/../lib/gcc/arm-none-eabi/13.3.1/../../../../arm-none-eabi/lib/thumb/v7e-m+dp/hard/libc_nano.a(libc_a-mprec.o)
                0x080160e8                __lshift
 .text.__mcmp   0x080161c0       0x36 /opt/st/stm32cubeide_1.19.0/plugins/com.st.stm32cube.ide.mcu.externaltools.gnu-tools-for-stm32.13.3.rel1.linux64_1.0.0.202410170706/tools/bin/../lib/gcc/arm-none-eabi/13.3.1/../../../../arm-none-eabi/lib/thumb/v7e-m+dp/hard/libc_nano.a(libc_a-mprec.o)
                0x080161c0                __mcmp
 *fill*         0x080161f6        0x2 
 .text.__mdiff  0x080161f8      0x128 /opt/st/stm32cubeide_1.19.0/plugins/com.st.stm32cube.ide.mcu.externaltools.gnu-tools-for-stm32.13.3.rel1.linux64_1.0.0.202410170706/tools/bin/../lib/gcc/arm-none-eabi/13.3.1/../../../../arm-none-eabi/lib/thumb/v7e-m+dp/hard/libc_nano.a(libc_a-mprec.o)
                0x080161f8                __mdiff
 .text.__d2b    0x08016320       0xb0 /opt/st/stm32cubeide_1.19.0/plugins/com.st.stm32cube.ide.mcu.externaltools.gnu-tools-for-stm32.13.3.rel1.linux64_1.0.0.202410170706/tools/bin/../lib/gcc/arm-none-eabi/13.3.1/../../../../arm-none-eabi/lib/thumb/v7e-m+dp/hard/libc_nano.a(libc_a-mprec.o)
                0x08016320                __d2b
 .text.__ssputs_r
                0x080163d0       0xb6 /opt/st/stm32cubeide_1.19.0/plugins/com.st.stm32cube.ide.mcu.externaltools.gnu-tools-for-stm32.13.3.rel1.linux64_1.0.0.202410170706/tools/bin/../lib/gcc/arm-none-eabi/13.3.1/../../../../arm-none-eabi/lib/thumb/v7e-m+dp/hard/libc_nano.a(libc_a-nano-svfprintf.o)
                0x080163d0                __ssputs_r
 *fill*         0x08016486        0x2 
 .text._svfprintf_r
                0x08016488      0x1f8 /opt/st/stm32cubeide_1.19.0/plugins/com.st.stm32cube.ide.mcu.externaltools.gnu-tools-for-stm32.13.3.rel1.linux64_1.0.0.202410170706/tools/bin/../lib/gcc/arm-none-eabi/13.3.1/../../../../arm-none-eabi/lib/thumb/v7e-m+dp/hard/libc_nano.a(libc_a-nano-svfprintf.o)
                0x08016488                _svfprintf_r
                0x08016488                _svfiprintf_r
 .text.__sfputc_r
                0x08016680       0x2e /opt/st/stm32cubeide_1.19.0/plugins/com.st.stm32cube.ide.mcu.externaltools.gnu-tools-for-stm32.13.3.rel1.linux64_1.0.0.202410170706/tools/bin/../lib/gcc/arm-none-eabi/13.3.1/../../../../arm-none-eabi/lib/thumb/v7e-m+dp/hard/libc_nano.a(libc_a-nano-vfprintf.o)
 .text.__sfputs_r
                0x080166ae       0x24 /opt/st/stm32cubeide_1.19.0/plugins/com.st.stm32cube.ide.mcu.externaltools.gnu-tools-for-stm32.13.3.rel1.linux64_1.0.0.202410170706/tools/bin/../lib/gcc/arm-none-eabi/13.3.1/../../../../arm-none-eabi/lib/thumb/v7e-m+dp/hard/libc_nano.a(libc_a-nano-vfprintf.o)
                0x080166ae                __sfputs_r
 *fill*         0x080166d2        0x2 
 .text._vfprintf_r
                0x080166d4      0x230 /opt/st/stm32cubeide_1.19.0/plugins/com.st.stm32cube.ide.mcu.externaltools.gnu-tools-for-stm32.13.3.rel1.linux64_1.0.0.202410170706/tools/bin/../lib/gcc/arm-none-eabi/13.3.1/../../../../arm-none-eabi/lib/thumb/v7e-m+dp/hard/libc_nano.a(libc_a-nano-vfprintf.o)
                0x080166d4                _vfiprintf_r
                0x080166d4                _vfprintf_r
 .text.__sflush_r
                0x08016904      0x108 /opt/st/stm32cubeide_1.19.0/plugins/com.st.stm32cube.ide.mcu.externaltools.gnu-tools-for-stm32.13.3.rel1.linux64_1.0.0.202410170706/tools/bin/../lib/gcc/arm-none-eabi/13.3.1/../../../../arm-none-eabi/lib/thumb/v7e-m+dp/hard/libc_nano.a(libc_a-fflush.o)
                0x08016904                __sflush_r
 .text._fflush_r
                0x08016a0c       0x50 /opt/st/stm32cubeide_1.19.0/plugins/com.st.stm32cube.ide.mcu.externaltools.gnu-tools-for-stm32.13.3.rel1.linux64_1.0.0.202410170706/tools/bin/../lib/gcc/arm-none-eabi/13.3.1/../../../../arm-none-eabi/lib/thumb/v7e-m+dp/hard/libc_nano.a(libc_a-fflush.o)
                0x08016a0c                _fflush_r
 .text.__swhatbuf_r
                0x08016a5c       0x4c /opt/st/stm32cubeide_1.19.0/plugins/com.st.stm32cube.ide.mcu.externaltools.gnu-tools-for-stm32.13.3.rel1.linux64_1.0.0.202410170706/tools/bin/../lib/gcc/arm-none-eabi/13.3.1/../../../../arm-none-eabi/lib/thumb/v7e-m+dp/hard/libc_nano.a(libc_a-makebuf.o)
                0x08016a5c                __swhatbuf_r
 .text.__smakebuf_r
                0x08016aa8       0x78 /opt/st/stm32cubeide_1.19.0/plugins/com.st.stm32cube.ide.mcu.externaltools.gnu-tools-for-stm32.13.3.rel1.linux64_1.0.0.202410170706/tools/bin/../lib/gcc/arm-none-eabi/13.3.1/../../../../arm-none-eabi/lib/thumb/v7e-m+dp/hard/libc_nano.a(libc_a-makebuf.o)
                0x08016aa8                __smakebuf_r
 .text.memmove  0x08016b20       0x34 /opt/st/stm32cubeide_1.19.0/plugins/com.st.stm32cube.ide.mcu.externaltools.gnu-tools-for-stm32.13.3.rel1.linux64_1.0.0.202410170706/tools/bin/../lib/gcc/arm-none-eabi/13.3.1/../../../../arm-none-eabi/lib/thumb/v7e-m+dp/hard/libc_nano.a(libc_a-memmove.o)
                0x08016b20                memmove
 .text._fstat_r
                0x08016b54       0x24 /opt/st/stm32cubeide_1.19.0/plugins/com.st.stm32cube.ide.mcu.externaltools.gnu-tools-for-stm32.13.3.rel1.linux64_1.0.0.202410170706/tools/bin/../lib/gcc/arm-none-eabi/13.3.1/../../../../arm-none-eabi/lib/thumb/v7e-m+dp/hard/libc_nano.a(libc_a-fstatr.o)
                0x08016b54                _fstat_r
 .text._isatty_r
                0x08016b78       0x20 /opt/st/stm32cubeide_1.19.0/plugins/com.st.stm32cube.ide.mcu.externaltools.gnu-tools-for-stm32.13.3.rel1.linux64_1.0.0.202410170706/tools/bin/../lib/gcc/arm-none-eabi/13.3.1/../../../../arm-none-eabi/lib/thumb/v7e-m+dp/hard/libc_nano.a(libc_a-isattyr.o)
                0x08016b78                _isatty_r
 .text._sbrk_r  0x08016b98       0x20 /opt/st/stm32cubeide_1.19.0/plugins/com.st.stm32cube.ide.mcu.externaltools.gnu-tools-for-stm32.13.3.rel1.linux64_1.0.0.202410170706/tools/bin/../lib/gcc/arm-none-eabi/13.3.1/../../../../arm-none-eabi/lib/thumb/v7e-m+dp/hard/libc_nano.a(libc_a-sbrkr.o)
                0x08016b98                _sbrk_r
 .text.__assert_func
                0x08016bb8       0x3c /opt/st/stm32cubeide_1.19.0/plugins/com.st.stm32cube.ide.mcu.externaltools.gnu-tools-for-stm32.13.3.rel1.linux64_1.0.0.202410170706/tools/bin/../lib/gcc/arm-none-eabi/13.3.1/../../../../arm-none-eabi/lib/thumb/v7e-m+dp/hard/libc_nano.a(libc_a-assert.o)
                0x08016bb8                __assert_func
 .text._calloc_r
                0x08016bf4       0x28 /opt/st/stm32cubeide_1.19.0/plugins/com.st.stm32cube.ide.mcu.externaltools.gnu-tools-for-stm32.13.3.rel1.linux64_1.0.0.202410170706/tools/bin/../lib/gcc/arm-none-eabi/13.3.1/../../../../arm-none-eabi/lib/thumb/v7e-m+dp/hard/libc_nano.a(libc_a-callocr.o)
                0x08016bf4                _calloc_r
 .text.__ascii_mbtowc
                0x08016c1c       0x24 /opt/st/stm32cubeide_1.19.0/plugins/com.st.stm32cube.ide.mcu.externaltools.gnu-tools-for-stm32.13.3.rel1.linux64_1.0.0.202410170706/tools/bin/../lib/gcc/arm-none-eabi/13.3.1/../../../../arm-none-eabi/lib/thumb/v7e-m+dp/hard/libc_nano.a(libc_a-mbtowc_r.o)
                0x08016c1c                __ascii_mbtowc
 .text._realloc_r
                0x08016c40       0x5c /opt/st/stm32cubeide_1.19.0/plugins/com.st.stm32cube.ide.mcu.externaltools.gnu-tools-for-stm32.13.3.rel1.linux64_1.0.0.202410170706/tools/bin/../lib/gcc/arm-none-eabi/13.3.1/../../../../arm-none-eabi/lib/thumb/v7e-m+dp/hard/libc_nano.a(libc_a-reallocr.o)
                0x08016c40                _realloc_r
 .text.__ascii_wctomb
                0x08016c9c       0x1a /opt/st/stm32cubeide_1.19.0/plugins/com.st.stm32cube.ide.mcu.externaltools.gnu-tools-for-stm32.13.3.rel1.linux64_1.0.0.202410170706/tools/bin/../lib/gcc/arm-none-eabi/13.3.1/../../../../arm-none-eabi/lib/thumb/v7e-m+dp/hard/libc_nano.a(libc_a-wctomb_r.o)
                0x08016c9c                __ascii_wctomb
 *fill*         0x08016cb6        0x2 
 .text.fprintf  0x08016cb8       0x24 /opt/st/stm32cubeide_1.19.0/plugins/com.st.stm32cube.ide.mcu.externaltools.gnu-tools-for-stm32.13.3.rel1.linux64_1.0.0.202410170706/tools/bin/../lib/gcc/arm-none-eabi/13.3.1/../../../../arm-none-eabi/lib/thumb/v7e-m+dp/hard/libc_nano.a(libc_a-fprintf.o)
                0x08016cb8                fprintf
                0x08016cb8                fiprintf
 .text.abort    0x08016cdc        0xe /opt/st/stm32cubeide_1.19.0/plugins/com.st.stm32cube.ide.mcu.externaltools.gnu-tools-for-stm32.13.3.rel1.linux64_1.0.0.202410170706/tools/bin/../lib/gcc/arm-none-eabi/13.3.1/../../../../arm-none-eabi/lib/thumb/v7e-m+dp/hard/libc_nano.a(libc_a-abort.o)
                0x08016cdc                abort
 .text._malloc_usable_size_r
                0x08016cea       0x10 /opt/st/stm32cubeide_1.19.0/plugins/com.st.stm32cube.ide.mcu.externaltools.gnu-tools-for-stm32.13.3.rel1.linux64_1.0.0.202410170706/tools/bin/../lib/gcc/arm-none-eabi/13.3.1/../../../../arm-none-eabi/lib/thumb/v7e-m+dp/hard/libc_nano.a(libc_a-msizer.o)
                0x08016cea                _malloc_usable_size_r
 .text._raise_r
                0x08016cfa       0x50 /opt/st/stm32cubeide_1.19.0/plugins/com.st.stm32cube.ide.mcu.externaltools.gnu-tools-for-stm32.13.3.rel1.linux64_1.0.0.202410170706/tools/bin/../lib/gcc/arm-none-eabi/13.3.1/../../../../arm-none-eabi/lib/thumb/v7e-m+dp/hard/libc_nano.a(libc_a-signal.o)
                0x08016cfa                _raise_r
 *fill*         0x08016d4a        0x2 
 .text.raise    0x08016d4c       0x10 /opt/st/stm32cubeide_1.19.0/plugins/com.st.stm32cube.ide.mcu.externaltools.gnu-tools-for-stm32.13.3.rel1.linux64_1.0.0.202410170706/tools/bin/../lib/gcc/arm-none-eabi/13.3.1/../../../../arm-none-eabi/lib/thumb/v7e-m+dp/hard/libc_nano.a(libc_a-signal.o)
                0x08016d4c                raise
 .text._kill_r  0x08016d5c       0x24 /opt/st/stm32cubeide_1.19.0/plugins/com.st.stm32cube.ide.mcu.externaltools.gnu-tools-for-stm32.13.3.rel1.linux64_1.0.0.202410170706/tools/bin/../lib/gcc/arm-none-eabi/13.3.1/../../../../arm-none-eabi/lib/thumb/v7e-m+dp/hard/libc_nano.a(libc_a-signalr.o)
                0x08016d5c                _kill_r
 .text._getpid_r
                0x08016d80        0x4 /opt/st/stm32cubeide_1.19.0/plugins/com.st.stm32cube.ide.mcu.externaltools.gnu-tools-for-stm32.13.3.rel1.linux64_1.0.0.202410170706/tools/bin/../lib/gcc/arm-none-eabi/13.3.1/../../../../arm-none-eabi/lib/thumb/v7e-m+dp/hard/libc_nano.a(libc_a-signalr.o)
                0x08016d80                _getpid_r
 *(.glue_7)
 .glue_7        0x08016d84        0x0 linker stubs
 *(.glue_7t)
 .glue_7t       0x08016d84        0x0 linker stubs
 *(.eh_frame)
 .eh_frame      0x08016d84        0x0 /opt/st/stm32cubeide_1.19.0/plugins/com.st.stm32cube.ide.mcu.externaltools.gnu-tools-for-stm32.13.3.rel1.linux64_1.0.0.202410170706/tools/bin/../lib/gcc/arm-none-eabi/13.3.1/thumb/v7e-m+dp/hard/crtbegin.o
 *(.init)
 .init          0x08016d84        0x4 /opt/st/stm32cubeide_1.19.0/plugins/com.st.stm32cube.ide.mcu.externaltools.gnu-tools-for-stm32.13.3.rel1.linux64_1.0.0.202410170706/tools/bin/../lib/gcc/arm-none-eabi/13.3.1/thumb/v7e-m+dp/hard/crti.o
                0x08016d84                _init
 .init          0x08016d88        0x8 /opt/st/stm32cubeide_1.19.0/plugins/com.st.stm32cube.ide.mcu.externaltools.gnu-tools-for-stm32.13.3.rel1.linux64_1.0.0.202410170706/tools/bin/../lib/gcc/arm-none-eabi/13.3.1/thumb/v7e-m+dp/hard/crtn.o
 *(.fini)
 .fini          0x08016d90        0x4 /opt/st/stm32cubeide_1.19.0/plugins/com.st.stm32cube.ide.mcu.externaltools.gnu-tools-for-stm32.13.3.rel1.linux64_1.0.0.202410170706/tools/bin/../lib/gcc/arm-none-eabi/13.3.1/thumb/v7e-m+dp/hard/crti.o
                0x08016d90                _fini
 .fini          0x08016d94        0x8 /opt/st/stm32cubeide_1.19.0/plugins/com.st.stm32cube.ide.mcu.externaltools.gnu-tools-for-stm32.13.3.rel1.linux64_1.0.0.202410170706/tools/bin/../lib/gcc/arm-none-eabi/13.3.1/thumb/v7e-m+dp/hard/crtn.o
                0x08016d9c                        . = ALIGN (0x4)
                0x08016d9c                        _etext = .

.vfp11_veneer   0x08016d9c        0x0
 .vfp11_veneer  0x08016d9c        0x0 linker stubs

.v4_bx          0x08016d9c        0x0
 .v4_bx         0x08016d9c        0x0 linker stubs

.iplt           0x08016d9c        0x0
 .iplt          0x08016d9c        0x0 /opt/st/stm32cubeide_1.19.0/plugins/com.st.stm32cube.ide.mcu.externaltools.gnu-tools-for-stm32.13.3.rel1.linux64_1.0.0.202410170706/tools/bin/../lib/gcc/arm-none-eabi/13.3.1/thumb/v7e-m+dp/hard/crtbegin.o

.rodata         0x08016da0      0xd94
                0x08016da0                        . = ALIGN (0x4)
 *(.rodata)
 .rodata        0x08016da0       0x9e ./Core/Src/debug.o
 *fill*         0x08016e3e        0x2 
 .rodata        0x08016e40       0x19 ./Core/Src/emc2303.o
 *fill*         0x08016e59        0x3 
 .rodata        0x08016e5c        0x8 ./Core/Src/fdcan.o
 .rodata        0x08016e64       0xc9 ./Core/Src/main.o
 *fill*         0x08016f2d        0x3 
 .rodata        0x08016f30       0x9a ./Core/Src/sensors.o
 *fill*         0x08016fca        0x2 
 .rodata        0x08016fcc       0x72 ./Drivers/STM32H7xx_HAL_Driver/stm32h7xx_hal_adc.o
 *fill*         0x0801703e        0x2 
 .rodata        0x08017040       0x75 ./Drivers/STM32H7xx_HAL_Driver/stm32h7xx_hal_adc_ex.o
 *fill*         0x080170b5        0x3 
 .rodata        0x080170b8       0x75 ./Drivers/STM32H7xx_HAL_Driver/stm32h7xx_hal_cortex.o
 *fill*         0x0801712d        0x3 
 .rodata        0x08017130       0x72 ./Drivers/STM32H7xx_HAL_Driver/stm32h7xx_hal_dma.o
 *fill*         0x080171a2        0x2 
 .rodata        0x080171a4       0xc0 ./Drivers/STM32H7xx_HAL_Driver/stm32h7xx_hal_fdcan.o
 .rodata        0x08017264       0x73 ./Drivers/STM32H7xx_HAL_Driver/stm32h7xx_hal_gpio.o
 *fill*         0x080172d7        0x1 
 .rodata        0x080172d8       0x72 ./Drivers/STM32H7xx_HAL_Driver/stm32h7xx_hal_i2c.o
 *fill*         0x0801734a        0x2 
 .rodata        0x0801734c       0x75 ./Drivers/STM32H7xx_HAL_Driver/stm32h7xx_hal_i2c_ex.o
 *fill*         0x080173c1        0x3 
 .rodata        0x080173c4       0x75 ./Drivers/STM32H7xx_HAL_Driver/stm32h7xx_hal_pwr_ex.o
 *fill*         0x08017439        0x3 
 .rodata        0x0801743c       0x72 ./Drivers/STM32H7xx_HAL_Driver/stm32h7xx_hal_rcc.o
 *fill*         0x080174ae        0x2 
 .rodata        0x080174b0       0x75 ./Drivers/STM32H7xx_HAL_Driver/stm32h7xx_hal_rcc_ex.o
 *fill*         0x08017525        0x3 
 .rodata        0x08017528       0x72 ./Drivers/STM32H7xx_HAL_Driver/stm32h7xx_hal_tim.o
 *fill*         0x0801759a        0x2 
 .rodata        0x0801759c       0x75 ./Drivers/STM32H7xx_HAL_Driver/stm32h7xx_hal_tim_ex.o
 *fill*         0x08017611        0x3 
 .rodata        0x08017614       0x73 ./Drivers/STM32H7xx_HAL_Driver/stm32h7xx_hal_uart.o
 *fill*         0x08017687        0x1 
 .rodata        0x08017688       0x76 ./Drivers/STM32H7xx_HAL_Driver/stm32h7xx_hal_uart_ex.o
 *(.rodata*)
 *fill*         0x080176fe        0x2 
 .rodata.__FUNCTION__.10
                0x08017700        0x7 ./Core/Src/emc2303.o
 *fill*         0x08017707        0x1 
 .rodata.__FUNCTION__.9
                0x08017708        0x7 ./Core/Src/emc2303.o
 *fill*         0x0801770f        0x1 
 .rodata.__FUNCTION__.8
                0x08017710       0x13 ./Core/Src/emc2303.o
 *fill*         0x08017723        0x1 
 .rodata.__FUNCTION__.7
                0x08017724        0xd ./Core/Src/emc2303.o
 *fill*         0x08017731        0x3 
 .rodata.__FUNCTION__.6
                0x08017734        0xd ./Core/Src/emc2303.o
 *fill*         0x08017741        0x3 
 .rodata.__FUNCTION__.1
                0x08017744       0x11 ./Core/Src/sensors.o
 *fill*         0x08017755        0x3 
 .rodata.__FUNCTION__.0
                0x08017758       0x11 ./Core/Src/sensors.o
 *fill*         0x08017769        0x3 
 .rodata.D1CorePrescTable
                0x0801776c       0x10 ./Core/Src/system_stm32h7xx.o
                0x0801776c                D1CorePrescTable
 .rodata.flagBitshiftOffset.0
                0x0801777c        0x8 ./Drivers/STM32H7xx_HAL_Driver/stm32h7xx_hal_dma.o
 .rodata.DLCtoBytes
                0x08017784       0x10 ./Drivers/STM32H7xx_HAL_Driver/stm32h7xx_hal_fdcan.o
 .rodata.UARTPrescTable
                0x08017794       0x18 ./Drivers/STM32H7xx_HAL_Driver/stm32h7xx_hal_uart.o
                0x08017794                UARTPrescTable
 .rodata.numerator.1
                0x080177ac        0x8 ./Drivers/STM32H7xx_HAL_Driver/stm32h7xx_hal_uart_ex.o
 .rodata.denominator.0
                0x080177b4        0x8 ./Drivers/STM32H7xx_HAL_Driver/stm32h7xx_hal_uart_ex.o
 .rodata._printf_float.str1.1
                0x080177bc      0x171 /opt/st/stm32cubeide_1.19.0/plugins/com.st.stm32cube.ide.mcu.externaltools.gnu-tools-for-stm32.13.3.rel1.linux64_1.0.0.202410170706/tools/bin/../lib/gcc/arm-none-eabi/13.3.1/../../../../arm-none-eabi/lib/thumb/v7e-m+dp/hard/libc_nano.a(libc_a-nano-vfprintf_float.o)
                                 0x12 (size before relaxing)
 .rodata._printf_i.str1.1
                0x0801792d       0x22 /opt/st/stm32cubeide_1.19.0/plugins/com.st.stm32cube.ide.mcu.externaltools.gnu-tools-for-stm32.13.3.rel1.linux64_1.0.0.202410170706/tools/bin/../lib/gcc/arm-none-eabi/13.3.1/../../../../arm-none-eabi/lib/thumb/v7e-m+dp/hard/libc_nano.a(libc_a-nano-vfprintf_i.o)
 .rodata._dtoa_r.str1.1
                0x0801792d       0x8f /opt/st/stm32cubeide_1.19.0/plugins/com.st.stm32cube.ide.mcu.externaltools.gnu-tools-for-stm32.13.3.rel1.linux64_1.0.0.202410170706/tools/bin/../lib/gcc/arm-none-eabi/13.3.1/../../../../arm-none-eabi/lib/thumb/v7e-m+dp/hard/libc_nano.a(libc_a-dtoa.o)
 .rodata._Balloc.str1.1
                0x0801792d       0x70 /opt/st/stm32cubeide_1.19.0/plugins/com.st.stm32cube.ide.mcu.externaltools.gnu-tools-for-stm32.13.3.rel1.linux64_1.0.0.202410170706/tools/bin/../lib/gcc/arm-none-eabi/13.3.1/../../../../arm-none-eabi/lib/thumb/v7e-m+dp/hard/libc_nano.a(libc_a-mprec.o)
 .rodata.__multadd.str1.1
                0x0801792d       0x11 /opt/st/stm32cubeide_1.19.0/plugins/com.st.stm32cube.ide.mcu.externaltools.gnu-tools-for-stm32.13.3.rel1.linux64_1.0.0.202410170706/tools/bin/../lib/gcc/arm-none-eabi/13.3.1/../../../../arm-none-eabi/lib/thumb/v7e-m+dp/hard/libc_nano.a(libc_a-mprec.o)
 *fill*         0x0801792d        0x3 
 .rodata.p05.0  0x08017930        0xc /opt/st/stm32cubeide_1.19.0/plugins/com.st.stm32cube.ide.mcu.externaltools.gnu-tools-for-stm32.13.3.rel1.linux64_1.0.0.202410170706/tools/bin/../lib/gcc/arm-none-eabi/13.3.1/../../../../arm-none-eabi/lib/thumb/v7e-m+dp/hard/libc_nano.a(libc_a-mprec.o)
 *fill*         0x0801793c        0x4 
 .rodata.__mprec_bigtens
                0x08017940       0x28 /opt/st/stm32cubeide_1.19.0/plugins/com.st.stm32cube.ide.mcu.externaltools.gnu-tools-for-stm32.13.3.rel1.linux64_1.0.0.202410170706/tools/bin/../lib/gcc/arm-none-eabi/13.3.1/../../../../arm-none-eabi/lib/thumb/v7e-m+dp/hard/libc_nano.a(libc_a-mprec.o)
                0x08017940                __mprec_bigtens
 .rodata.__mprec_tens
                0x08017968       0xc8 /opt/st/stm32cubeide_1.19.0/plugins/com.st.stm32cube.ide.mcu.externaltools.gnu-tools-for-stm32.13.3.rel1.linux64_1.0.0.202410170706/tools/bin/../lib/gcc/arm-none-eabi/13.3.1/../../../../arm-none-eabi/lib/thumb/v7e-m+dp/hard/libc_nano.a(libc_a-mprec.o)
                0x08017968                __mprec_tens
 .rodata._svfprintf_r.str1.1