../Core/Src/comm_protocol.c:47:6:Comm_Init	24	static
../Core/Src/comm_protocol.c:66:9:Comm_SendTelemetry	16	static
../Core/Src/comm_protocol.c:88:9:Comm_SendTelemetry_Safe	16	static
../Core/Src/comm_protocol.c:107:9:Comm_ParseCommand	80	static
../Core/Src/comm_protocol.c:212:9:Comm_ExecuteCommand	24	static
../Core/Src/comm_protocol.c:332:6:Comm_SendResponse	152	static
../Core/Src/comm_protocol.c:354:6:Comm_SendResponse_Unsafe	152	static
../Core/Src/comm_protocol.c:371:13:Comm_BuildTelemetryFrame	40	static
../Core/Src/comm_protocol.c:439:16:Comm_TransmitFrame	24	static
../Core/Src/comm_protocol.c:458:16:Comm_TransmitFrame_DMA	24	static
../Core/Src/comm_protocol.c:491:6:Comm_UART_TxCpltCallback	8	static
../Core/Src/comm_protocol.c:499:10:Comm_CalculateCRC16	24	static
