../Core/Src/fdcan.c:41:6:MX_FDCAN1_Init	8	static
../Core/Src/fdcan.c:89:6:MX_FDCAN2_Init	8	static
../Core/Src/fdcan.c:139:6:HAL_FDCAN_MspInit	240	static
../Core/Src/fdcan.c:228:6:HAL_FDCAN_MspDeInit	16	static
../Core/Src/fdcan.c:292:6:FDCAN_Init	8	static
../Core/Src/fdcan.c:309:6:FDCAN_Config_TX	24	static
../Core/Src/fdcan.c:323:37:FDCAN_Config_RX	72	static
../Core/Src/fdcan.c:352:13:FDCAN_Config_RX_range	64	static
../Core/Src/fdcan.c:378:37:FDCAN_Config_TX_TDC	24	static
../Core/Src/fdcan.c:401:9:CalculateFDCANTiming	80	static
