../Core/Src/fdcan.c:41:6:MX_FDCAN1_Init	8	static
../Core/Src/fdcan.c:89:6:MX_FDCAN2_Init	8	static
../Core/Src/fdcan.c:139:6:HAL_FDCAN_MspInit	240	static
../Core/Src/fdcan.c:225:6:HAL_FDCAN_MspDeInit	16	static
../Core/Src/fdcan.c:287:6:FDCAN_Init	8	static
../Core/Src/fdcan.c:304:6:FDCAN_Config_TX	24	static
../Core/Src/fdcan.c:318:37:FDCAN_Config_RX	72	static
../Core/Src/fdcan.c:347:13:FDCAN_Config_RX_range	64	static
../Core/Src/fdcan.c:373:37:FDCAN_Config_TX_TDC	24	static
../Core/Src/fdcan.c:396:9:CalculateFDCANTiming	80	static
