../Core/Src/freertos.c:161:6:vApplicationStackOverflowHook	24	static,ignoring_inline_asm
../Core/Src/freertos.c:183:6:MX_FREERTOS_Init	8	static
../Core/Src/freertos.c:261:13:StartCommandTask	168	static
../Core/Src/freertos.c:312:13:StartControlTask	24	static
../Core/Src/freertos.c:374:13:StartTelemetryTask	24	static
../Core/Src/freertos.c:403:6:NRF70_TestTask	16	static
../Core/Src/freertos.c:420:13:ProcessReceivedByte	16	static
../Core/Src/freertos.c:460:6:RTOS_UART_RxCallback	16	static
../Core/Src/freertos.c:471:6:RTOS_ADC_ConvCpltCallback	8	static
../Core/Src/freertos.c:487:6:RTOS_FDCAN_RxCallback	16	static
../Core/Src/freertos.c:501:6:StartSensorProcessTask	16	static
