../Core/Src/freertos.c:143:6:vApplicationStackOverflowHook	24	static,ignoring_inline_asm
../Core/Src/freertos.c:165:6:MX_FREERTOS_Init	8	static
../Core/Src/freertos.c:235:13:StartCommandTask	168	static
../Core/Src/freertos.c:286:13:StartControlTask	24	static
../Core/Src/freertos.c:348:13:StartTelemetryTask	24	static
../Core/Src/freertos.c:377:6:NRF70_TestTask	16	static
../Core/Src/freertos.c:394:13:ProcessReceivedByte	16	static
../Core/Src/freertos.c:434:6:RTOS_UART_RxCallback	16	static
../Core/Src/freertos.c:444:6:RTOS_ADC_ConvCpltCallback	8	static
../Core/Src/freertos.c:459:6:RTOS_FDCAN_RxCallback	16	static
