../Core/Src/nrf7002_test.c:24:19:NRF70_Test_Init	16	static
../Core/Src/nrf7002_test.c:38:6:NRF70_PowerOn	8	static
../Core/Src/nrf7002_test.c:47:6:NRF70_PowerOff	8	static
../Core/Src/nrf7002_test.c:52:19:NRF70_ReadSR0	16	static
../Core/Src/nrf7002_test.c:60:19:NRF70_ReadSR1	16	static
../Core/Src/nrf7002_test.c:68:19:NRF70_ReadSR2	16	static
../Core/Src/nrf7002_test.c:76:19:NRF70_WriteSR2	16	static
../Core/Src/nrf7002_test.c:81:6:NRF70_RunFullTest	24	static
../Core/Src/nrf7002_test.c:147:6:NRF70_PrintTestResult	16	static
../Core/Src/nrf7002_test.c:183:26:NRF70_SendCommand	112	static
../Core/Src/nrf7002_test.c:234:26:NRF70_WriteCommand	112	static
