../Core/Src/sensors.c:36:6:Sensor_Init	16	static
../Core/Src/sensors.c:62:9:Sensor_UpdateCAN	64	static,ignoring_inline_asm
../Core/Src/sensors.c:141:6:Sensor_UpdateADC	56	static,ignoring_inline_asm
../Core/Src/sensors.c:179:21:Sensor_GetData	4	static
../Core/Src/sensors.c:184:9:Sensor_GetCANChannel	24	static
../Core/Src/sensors.c:207:9:Sensor_GetTemperature	16	static
../Core/Src/sensors.c:234:9:Sensor_GetTemperature_ISR	16	static
../Core/Src/sensors.c:249:9:Sensor_IsCANDataValid	4	static
../Core/Src/sensors.c:255:9:Sensor_IsTempSensorFault	16	static
../Core/Src/sensors.c:263:9:Sensor_CheckTimeout	24	static
../Core/Src/sensors.c:286:24:u16le	16	static
../Core/Src/sensors.c:295:14:temp_raw_to_celsius	24	static
../Core/Src/sensors.c:310:13:check_temp_sensor_fault	168	static
../Core/Src/sensors.c:347:14:apply_outlier_filter	176	static
../Core/Src/sensors.c:386:14:apply_moving_average_filter	24	static
../Core/Src/sensors.c:415:10:Sensor_GetCAN1RxCount	4	static
../Core/Src/sensors.c:420:10:Sensor_GetCAN2RxCount	4	static
