../Core/Src/sma_actuator.c:53:6:SMA_Init	16	static
../Core/Src/sma_actuator.c:70:9:SMA_SetMode	32	static
../Core/Src/sma_actuator.c:96:9:SMA_SetPWM	32	static
../Core/Src/sma_actuator.c:127:9:SMA_SetTargetTemp	32	static
../Core/Src/sma_actuator.c:153:9:SMA_SetTargetForce	32	static
../Core/Src/sma_actuator.c:179:9:SMA_SetPIDGains	40	static
../Core/Src/sma_actuator.c:199:9:SMA_GetTemp	16	static
../Core/Src/sma_actuator.c:213:9:SMA_GetPWM	16	static
../Core/Src/sma_actuator.c:228:6:SMA_Update	24	static
../Core/Src/sma_actuator.c:282:6:SMA_UpdateFans	24	static
../Core/Src/sma_actuator.c:318:6:SMA_EmergencyStop	24	static
../Core/Src/sma_actuator.c:342:22:SMA_GetChannelState	16	static
../Core/Src/sma_actuator.c:354:9:SMA_IsOverTemp	16	static
../Core/Src/sma_actuator.c:364:13:SMA_InitPWM	32	static
../Core/Src/sma_actuator.c:378:13:SMA_InitChannels	16	static
../Core/Src/sma_actuator.c:403:13:SMA_UpdateTempControl	32	static
../Core/Src/sma_actuator.c:440:13:SMA_UpdateForceControl	32	static
../Core/Src/sma_actuator.c:469:13:SMA_SafetyCheck	32	static
../Core/Src/sma_actuator.c:490:21:SMA_Clamp	24	static
../Core/Src/sma_actuator.c:497:6:SMA_SetHardwarePWM	32	static
../Core/Src/sma_actuator.c:512:7:SMA_PID_Compute	56	static
../Core/Src/sma_actuator.c:537:6:SMA_PID_Reset	16	static
../Core/Src/sma_actuator.c:547:14:SMA_CalculateFanDuty	24	static
../Core/Src/sma_actuator.c:571:9:SMA_SetFanAutoControl	24	static
../Core/Src/sma_actuator.c:592:9:SMA_SetFanDuty	32	static
../Core/Src/sma_actuator.c:614:9:SMA_GetFanDuty	16	static
